// Jest Snapshot v1, https://goo.gl/fbAQLP

exports[`should render correctly 1`] = `
.c4 {
  outline: 0;
  margin: 0;
  font-family: inherit;
  text-transform: none;
  overflow: visible;
  box-sizing: border-box;
  position: relative;
  display: -webkit-inline-box;
  display: -webkit-inline-flex;
  display: -ms-inline-flexbox;
  display: inline-flex;
  -webkit-align-items: center;
  -webkit-box-align: center;
  -ms-flex-align: center;
  align-items: center;
  -webkit-box-pack: center;
  -webkit-justify-content: center;
  -ms-flex-pack: center;
  justify-content: center;
  vertical-align: middle;
}

.c6 {
  -webkit-user-select: none;
  -moz-user-select: none;
  -ms-user-select: none;
  user-select: none;
  height: 32px;
  padding: 0 13px 0 13px;
  font-weight: 600;
  font-size: 14px;
  line-height: 20px;
  border-radius: 2px;
  color: rgba(102,102,102,1);
  background-color: transparent;
  cursor: pointer;
  border-color: rgba(204,204,204,1);
  border-style: solid;
  border-width: 1px;
}

.c6:hover {
  color: rgba(102,102,102,1);
  background-color: rgba(102,102,102,0.04);
  border-color: rgba(204,204,204,1);
}

.c6:active {
  color: rgba(102,102,102,1);
  background-color: rgba(102,102,102,0.08);
  border-color: rgba(204,204,204,1);
}

.c6 + .c5 {
  margin-left: 8px;
}

.c2 {
  width: 240px;
  height: 32px;
  padding: 0 12px;
  display: -webkit-inline-box;
  display: -webkit-inline-flex;
  display: -ms-inline-flexbox;
  display: inline-flex;
  position: relative;
  box-sizing: border-box;
  -webkit-align-items: center;
  -webkit-box-align: center;
  -ms-flex-align: center;
  align-items: center;
  font-size: 12px;
  line-height: 16px;
  border-radius: 2px;
  border: 1px solid rgba(221,221,221,1);
  -webkit-transition: border 150ms cubic-bezier(0.4,0,0.2,1);
  transition: border 150ms cubic-bezier(0.4,0,0.2,1);
  vertical-align: middle;
  background-color: rgba(255,255,255,1);
}

.c2:hover {
  border-color: rgba(209,209,209,1);
}

.c3 {
  display: inline-block;
  outline: none;
  border: 0;
  padding: 0;
  margin: 0;
  -webkit-flex: 1;
  -ms-flex: 1;
  flex: 1;
  min-width: 0;
  background: none;
  font-size: 12px;
  line-height: 16px;
  caret-color: rgba(26,122,248,1);
  color: rgba(51,51,51,1);
}

.c3::selection {
  background: rgba(26,122,248,0.16);
}

.c3::-webkit-input-placeholder {
  color: rgba(204,204,204,1);
}

.c3::-moz-placeholder {
  color: rgba(204,204,204,1);
}

.c3:-ms-input-placeholder {
  color: rgba(204,204,204,1);
}

.c3::placeholder {
  color: rgba(204,204,204,1);
}

.c0 {
  position: relative;
  display: block;
  width: 100%;
}

.c0 > * {
  position: relative;
  float: none;
  vertical-align: top;
}

.c0 > *:focus {
  z-index: 1;
}

.c0 > *:not(:first-child):not(:last-child),
.c0 > *:not(:first-child):not(:last-child) .c1,
.c0 > *:not(:first-child):not(:last-child) .StyledTagsInputWrapper-kkbZlb {
  border-radius: 0;
}

.c0 > *:first-child,
.c0 > *:first-child .c1,
.c0 > *:first-child .StyledTagsInputWrapper-kkbZlb {
  border-top-right-radius: 0;
  border-bottom-right-radius: 0;
}

.c0 > *:last-child,
.c0 > *:last-child .c1,
.c0 > *:last-child .StyledTagsInputWrapper-kkbZlb {
  border-top-left-radius: 0;
  border-bottom-left-radius: 0;
}

.c0 > *:not(:last-child) {
  margin-right: -1px;
  border-right-width: 1px;
}

<div
  className="c0"
  disabled={false}
>
  <div
    className="c1 c2 muya-input-input-wrapper"
    onClick={[Function]}
    onMouseEnter={[Function]}
    onMouseLeave={[Function]}
    size="m"
    style={
      Object {
        "zIndex": undefined,
      }
    }
  >
    <input
      className="c3 muya-input-input"
      onBlur={[Function]}
      onChange={[Function]}
      onFocus={[Function]}
      onKeyDown={[Function]}
      size="m"
      value=""
    />
  </div>
  <button
    className="c4 c5 c6"
    disabled={false}
    onBlur={[Function]}
    onClick={[Function]}
    onFocus={[Function]}
    style={
      Object {
        "zIndex": undefined,
      }
    }
    type="button"
  >
    чбошод
  </button>
</div>
`;
