// Jest Snapshot v1, https://goo.gl/fbAQLP

exports[`测试 CardIndicator 默认 1`] = `
.c0 {
  position: absolute;
  width: 100%;
  bottom: 0;
  left: 0;
  height: 1px;
  background: rgba(238,238,238,1);
}

<div
  className="c0"
/>
`;
