// Jest Snapshot v1, https://goo.gl/fbAQLP

exports[`CardMeta should render success 1`] = `
Array [
  <div
    className=""
  >
    测试
  </div>,
  .c1 {
  box-sizing: border-box;
  margin: 0;
  color: rgba(51,51,51,1);
  font-weight: 600;
  font-size: 16px;
  line-height: 22px;
  margin-bottom: 0;
}

.c1 + .c0 {
  margin-top: 0;
}

.c2 {
  margin-bottom: 4px;
}

<div
    className=""
  >
    <h4
      className="c0 c1 c2"
    >
      测试
    </h4>
  </div>,
  .c1 {
  box-sizing: border-box;
  margin: 0;
  color: rgba(51,51,51,1);
  font-weight: 600;
  font-size: 16px;
  line-height: 22px;
  margin-bottom: 0;
}

.c1 + .c0 {
  margin-top: 0;
}

.c2 {
  margin-bottom: 4px;
}

<div
    className=""
  >
    <h4
      className="c0 c1 c2"
    >
      <span>
        测试
      </span>
    </h4>
  </div>,
  .c0 {
  color: rgba(102,102,102,1);
  font-size: 12px;
  line-height: 16px;
  box-sizing: border-box;
  margin: 0;
}

<div
    className=""
  >
    <span
      className="c0"
    >
      测试
    </span>
  </div>,
  .c0 {
  color: rgba(102,102,102,1);
  font-size: 12px;
  line-height: 16px;
  box-sizing: border-box;
  margin: 0;
}

<div
    className=""
  >
    <span
      className="c0"
    >
      <span>
        测试
      </span>
    </span>
  </div>,
  .c3 {
  color: rgba(102,102,102,1);
  font-size: 12px;
  line-height: 16px;
  box-sizing: border-box;
  margin: 0;
}

.c1 {
  box-sizing: border-box;
  margin: 0;
  color: rgba(51,51,51,1);
  font-weight: 600;
  font-size: 16px;
  line-height: 22px;
  margin-bottom: 0;
}

.c1 + .c0 {
  margin-top: 0;
}

.c2 {
  margin-bottom: 4px;
}

<div
    className=""
  >
    <h4
      className="c0 c1 c2"
    >
      测试
    </h4>
    <span
      className="c3"
    >
      测试
    </span>
  </div>,
  .c3 {
  color: rgba(102,102,102,1);
  font-size: 12px;
  line-height: 16px;
  box-sizing: border-box;
  margin: 0;
}

.c1 {
  box-sizing: border-box;
  margin: 0;
  color: rgba(51,51,51,1);
  font-weight: 600;
  font-size: 16px;
  line-height: 22px;
  margin-bottom: 0;
}

.c1 + .c0 {
  margin-top: 0;
}

.c2 {
  margin-bottom: 4px;
}

<div
    className=""
  >
    <h4
      className="c0 c1 c2"
    >
      <span>
        测试
      </span>
    </h4>
    <span
      className="c3"
    >
      <span>
        测试
      </span>
    </span>
  </div>,
  .c3 {
  color: rgba(102,102,102,1);
  font-size: 12px;
  line-height: 16px;
  box-sizing: border-box;
  margin: 0;
}

.c1 {
  box-sizing: border-box;
  margin: 0;
  color: rgba(51,51,51,1);
  font-weight: 600;
  font-size: 16px;
  line-height: 22px;
  margin-bottom: 0;
}

.c1 + .c0 {
  margin-top: 0;
}

.c2 {
  margin-bottom: 4px;
}

<div
    className=""
  >
    <h4
      className="c0 c1 c2"
    >
      测试
    </h4>
    <span
      className="c3"
    >
      测试
    </span>
    测试
  </div>,
  .c3 {
  color: rgba(102,102,102,1);
  font-size: 12px;
  line-height: 16px;
  box-sizing: border-box;
  margin: 0;
}

.c1 {
  box-sizing: border-box;
  margin: 0;
  color: rgba(51,51,51,1);
  font-weight: 600;
  font-size: 16px;
  line-height: 22px;
  margin-bottom: 0;
}

.c1 + .c0 {
  margin-top: 0;
}

.c2 {
  margin-bottom: 4px;
}

<div
    className=""
  >
    <h4
      className="c0 c1 c2"
    >
      <span>
        测试
      </span>
    </h4>
    <span
      className="c3"
    >
      <span>
        测试
      </span>
    </span>
    测试
  </div>,
]
`;
