// Jest Snapshot v1, https://goo.gl/fbAQLP

exports[`CardHeader should render success 1`] = `
Array [
  .c0 {
  background-repeat: no-repeat;
  background-size: cover;
  background-position: center;
  -webkit-transition: background-image 300ms cubic-bezier(0.0,0,0.2,1);
  transition: background-image 300ms cubic-bezier(0.0,0,0.2,1);
}

<div
    className="c0 muya-img-loading"
  >
    测试
  </div>,
  .c0 {
  height: 100px;
  background-repeat: no-repeat;
  background-size: cover;
  background-position: center;
  -webkit-transition: background-image 300ms cubic-bezier(0.0,0,0.2,1);
  transition: background-image 300ms cubic-bezier(0.0,0,0.2,1);
}

<div
    className="c0 muya-img-loading"
  >
    测试
  </div>,
  .c0 {
  height: d;
  background-repeat: no-repeat;
  background-size: cover;
  background-position: center;
  -webkit-transition: background-image 300ms cubic-bezier(0.0,0,0.2,1);
  transition: background-image 300ms cubic-bezier(0.0,0,0.2,1);
}

<div
    className="c0 muya-img-loading"
  >
    测试
  </div>,
]
`;
