// Jest Snapshot v1, https://goo.gl/fbAQLP

exports[`RangeInput should render correctly 1`] = `
Array [
  .c0 {
  width: 240px;
  height: 32px;
  padding: 0 12px;
  display: -webkit-inline-box;
  display: -webkit-inline-flex;
  display: -ms-inline-flexbox;
  display: inline-flex;
  position: relative;
  box-sizing: border-box;
  -webkit-align-items: center;
  -webkit-box-align: center;
  -ms-flex-align: center;
  align-items: center;
  font-size: 12px;
  line-height: 16px;
  border-radius: 2px;
  border: 1px solid rgba(221,221,221,1);
  -webkit-transition: border 150ms cubic-bezier(0.4,0,0.2,1);
  transition: border 150ms cubic-bezier(0.4,0,0.2,1);
  vertical-align: middle;
  background-color: rgba(255,255,255,1);
  width: 320px;
}

.c0:hover {
  border-color: rgba(209,209,209,1);
}

.c1 {
  display: inline-block;
  outline: none;
  border: 0;
  padding: 0;
  margin: 0;
  -webkit-flex: 1;
  -ms-flex: 1;
  flex: 1;
  min-width: 0;
  background: none;
  font-size: 12px;
  line-height: 16px;
  caret-color: rgba(26,122,248,1);
  color: rgba(51,51,51,1);
}

.c1::selection {
  background: rgba(26,122,248,0.16);
}

.c1::-webkit-input-placeholder {
  color: rgba(204,204,204,1);
}

.c1::-moz-placeholder {
  color: rgba(204,204,204,1);
}

.c1:-ms-input-placeholder {
  color: rgba(204,204,204,1);
}

.c1::placeholder {
  color: rgba(204,204,204,1);
}

<div
    className="c0 muya-range-input-input-wrapper"
    onClick={[Function]}
    onMouseEnter={[Function]}
    onMouseLeave={[Function]}
    size="m"
  >
    <input
      autoFocus={false}
      className="c1"
      onBlur={[Function]}
      onChange={[Function]}
      onFocus={[Function]}
      onKeyDown={[Function]}
      size="m"
      value=""
    />
    <input
      autoFocus={false}
      className="c1"
      onBlur={[Function]}
      onChange={[Function]}
      onFocus={[Function]}
      onKeyDown={[Function]}
      size="m"
      value=""
    />
  </div>,
  .c0 {
  width: 240px;
  height: 32px;
  padding: 0 12px;
  display: -webkit-inline-box;
  display: -webkit-inline-flex;
  display: -ms-inline-flexbox;
  display: inline-flex;
  position: relative;
  box-sizing: border-box;
  -webkit-align-items: center;
  -webkit-box-align: center;
  -ms-flex-align: center;
  align-items: center;
  font-size: 12px;
  line-height: 16px;
  border-radius: 2px;
  border: 1px solid rgba(221,221,221,1);
  -webkit-transition: border 150ms cubic-bezier(0.4,0,0.2,1);
  transition: border 150ms cubic-bezier(0.4,0,0.2,1);
  vertical-align: middle;
  background-color: rgba(255,255,255,1);
  width: 320px;
  background: rgba(250,250,250,1);
  cursor: not-allowed;
}

.c0 input,
.c0 svg {
  cursor: not-allowed;
}

.c1 {
  display: inline-block;
  outline: none;
  border: 0;
  padding: 0;
  margin: 0;
  -webkit-flex: 1;
  -ms-flex: 1;
  flex: 1;
  min-width: 0;
  background: none;
  font-size: 12px;
  line-height: 16px;
  caret-color: rgba(26,122,248,1);
  color: rgba(221,221,221,1);
  -webkit-text-fill-color: currentColor;
  opacity: 1;
}

.c1::selection {
  background: rgba(26,122,248,0.16);
}

.c1::-webkit-input-placeholder {
  color: rgba(204,204,204,1);
}

.c1::-moz-placeholder {
  color: rgba(204,204,204,1);
}

.c1:-ms-input-placeholder {
  color: rgba(204,204,204,1);
}

.c1::placeholder {
  color: rgba(204,204,204,1);
}

<div
    className="c0 muya-range-input-input-wrapper"
    disabled={true}
    onClick={[Function]}
    onMouseEnter={[Function]}
    onMouseLeave={[Function]}
    size="m"
  >
    <input
      autoFocus={false}
      className="c1"
      disabled={true}
      onBlur={[Function]}
      onChange={[Function]}
      onFocus={[Function]}
      onKeyDown={[Function]}
      size="m"
      value=""
    />
    <input
      autoFocus={false}
      className="c1"
      disabled={true}
      onBlur={[Function]}
      onChange={[Function]}
      onFocus={[Function]}
      onKeyDown={[Function]}
      size="m"
      value=""
    />
  </div>,
  .c0 {
  width: 240px;
  height: 32px;
  padding: 0 12px;
  display: -webkit-inline-box;
  display: -webkit-inline-flex;
  display: -ms-inline-flexbox;
  display: inline-flex;
  position: relative;
  box-sizing: border-box;
  -webkit-align-items: center;
  -webkit-box-align: center;
  -ms-flex-align: center;
  align-items: center;
  font-size: 12px;
  line-height: 16px;
  border-radius: 2px;
  border: 1px solid rgba(221,221,221,1);
  -webkit-transition: border 150ms cubic-bezier(0.4,0,0.2,1);
  transition: border 150ms cubic-bezier(0.4,0,0.2,1);
  vertical-align: middle;
  background-color: rgba(255,255,255,1);
  width: 320px;
}

.c0:hover {
  border-color: rgba(209,209,209,1);
}

.c1 {
  display: inline-block;
  outline: none;
  border: 0;
  padding: 0;
  margin: 0;
  -webkit-flex: 1;
  -ms-flex: 1;
  flex: 1;
  min-width: 0;
  background: none;
  font-size: 12px;
  line-height: 16px;
  caret-color: rgba(26,122,248,1);
  color: rgba(51,51,51,1);
}

.c1::selection {
  background: rgba(26,122,248,0.16);
}

.c1::-webkit-input-placeholder {
  color: rgba(204,204,204,1);
}

.c1::-moz-placeholder {
  color: rgba(204,204,204,1);
}

.c1:-ms-input-placeholder {
  color: rgba(204,204,204,1);
}

.c1::placeholder {
  color: rgba(204,204,204,1);
}

<div
    className="c0 muya-range-input-input-wrapper"
    onClick={[Function]}
    onMouseEnter={[Function]}
    onMouseLeave={[Function]}
    size="m"
  >
    <input
      autoFocus={false}
      className="c1"
      onBlur={[Function]}
      onChange={[Function]}
      onFocus={[Function]}
      onKeyDown={[Function]}
      size="m"
      value="ss"
    />
    <input
      autoFocus={false}
      className="c1"
      onBlur={[Function]}
      onChange={[Function]}
      onFocus={[Function]}
      onKeyDown={[Function]}
      size="m"
      value="sss"
    />
  </div>,
  .c0 {
  width: 240px;
  height: 32px;
  padding: 0 12px;
  display: -webkit-inline-box;
  display: -webkit-inline-flex;
  display: -ms-inline-flexbox;
  display: inline-flex;
  position: relative;
  box-sizing: border-box;
  -webkit-align-items: center;
  -webkit-box-align: center;
  -ms-flex-align: center;
  align-items: center;
  font-size: 12px;
  line-height: 16px;
  border-radius: 2px;
  border: 1px solid rgba(221,221,221,1);
  -webkit-transition: border 150ms cubic-bezier(0.4,0,0.2,1);
  transition: border 150ms cubic-bezier(0.4,0,0.2,1);
  vertical-align: middle;
  background-color: rgba(255,255,255,1);
  width: 320px;
}

.c0:hover {
  border-color: rgba(209,209,209,1);
}

.c1 {
  display: inline-block;
  outline: none;
  border: 0;
  padding: 0;
  margin: 0;
  -webkit-flex: 1;
  -ms-flex: 1;
  flex: 1;
  min-width: 0;
  background: none;
  font-size: 12px;
  line-height: 16px;
  caret-color: rgba(26,122,248,1);
  color: rgba(51,51,51,1);
}

.c1::selection {
  background: rgba(26,122,248,0.16);
}

.c1::-webkit-input-placeholder {
  color: rgba(204,204,204,1);
}

.c1::-moz-placeholder {
  color: rgba(204,204,204,1);
}

.c1:-ms-input-placeholder {
  color: rgba(204,204,204,1);
}

.c1::placeholder {
  color: rgba(204,204,204,1);
}

<div
    className="c0 muya-range-input-input-wrapper"
    onClick={[Function]}
    onMouseEnter={[Function]}
    onMouseLeave={[Function]}
    size="m"
  >
    <input
      autoFocus={false}
      className="c1"
      onBlur={[Function]}
      onChange={[Function]}
      onFocus={[Function]}
      onKeyDown={[Function]}
      size="m"
      value="ss"
    />
    <input
      autoFocus={false}
      className="c1"
      onBlur={[Function]}
      onChange={[Function]}
      onFocus={[Function]}
      onKeyDown={[Function]}
      size="m"
      value="ss"
    />
  </div>,
  .c0 {
  width: 240px;
  height: 32px;
  padding: 0 12px;
  display: -webkit-inline-box;
  display: -webkit-inline-flex;
  display: -ms-inline-flexbox;
  display: inline-flex;
  position: relative;
  box-sizing: border-box;
  -webkit-align-items: center;
  -webkit-box-align: center;
  -ms-flex-align: center;
  align-items: center;
  font-size: 12px;
  line-height: 16px;
  border-radius: 2px;
  border: 1px solid rgba(221,221,221,1);
  -webkit-transition: border 150ms cubic-bezier(0.4,0,0.2,1);
  transition: border 150ms cubic-bezier(0.4,0,0.2,1);
  vertical-align: middle;
  background-color: rgba(255,255,255,1);
  width: 320px;
}

.c0:hover {
  border-color: rgba(209,209,209,1);
}

.c2 {
  display: inline-block;
  outline: none;
  border: 0;
  padding: 0;
  margin: 0;
  -webkit-flex: 1;
  -ms-flex: 1;
  flex: 1;
  min-width: 0;
  background: none;
  font-size: 12px;
  line-height: 16px;
  caret-color: rgba(26,122,248,1);
  color: rgba(51,51,51,1);
}

.c2::selection {
  background: rgba(26,122,248,0.16);
}

.c2::-webkit-input-placeholder {
  color: rgba(204,204,204,1);
}

.c2::-moz-placeholder {
  color: rgba(204,204,204,1);
}

.c2:-ms-input-placeholder {
  color: rgba(204,204,204,1);
}

.c2::placeholder {
  color: rgba(204,204,204,1);
}

.c1 {
  margin-right: 4px;
  line-height: 0;
  color: rgba(51,51,51,1);
  -webkit-flex-shrink: 0;
  -ms-flex-negative: 0;
  flex-shrink: 0;
  outline: none;
  cursor: default;
  -webkit-user-select: none;
  -moz-user-select: none;
  -ms-user-select: none;
  user-select: none;
  display: -webkit-box;
  display: -webkit-flex;
  display: -ms-flexbox;
  display: flex;
  height: 100%;
  -webkit-align-items: center;
  -webkit-box-align: center;
  -ms-flex-align: center;
  align-items: center;
}

.c3 {
  margin-left: 12px;
  line-height: 0;
  color: rgba(51,51,51,1);
  -webkit-flex-shrink: 0;
  -ms-flex-negative: 0;
  flex-shrink: 0;
  outline: none;
  cursor: default;
  -webkit-user-select: none;
  -moz-user-select: none;
  -ms-user-select: none;
  user-select: none;
  display: -webkit-box;
  display: -webkit-flex;
  display: -ms-flexbox;
  display: flex;
  height: 100%;
  -webkit-align-items: center;
  -webkit-box-align: center;
  -ms-flex-align: center;
  align-items: center;
}

.c4 {
  margin-left: 12px;
  line-height: 0;
  color: rgba(51,51,51,1);
  -webkit-flex-shrink: 0;
  -ms-flex-negative: 0;
  flex-shrink: 0;
  outline: none;
  cursor: default;
  -webkit-user-select: none;
  -moz-user-select: none;
  -ms-user-select: none;
  user-select: none;
  display: -webkit-box;
  display: -webkit-flex;
  display: -ms-flexbox;
  display: flex;
  height: 100%;
  -webkit-align-items: center;
  -webkit-box-align: center;
  -ms-flex-align: center;
  align-items: center;
  color: rgba(204,204,204,1);
  cursor: pointer;
}

.c4:hover {
  color: rgba(187,187,187,1);
}

.c4:active {
  color: rgba(153,153,153,1);
}

<div
    className="c0 muya-range-input-input-wrapper"
    onClick={[Function]}
    onMouseEnter={[Function]}
    onMouseLeave={[Function]}
    size="m"
  >
    <div
      className="c1 muya-range-input-node-wrapper"
      size="m"
    >
      s
    </div>
    <input
      autoFocus={false}
      className="c2"
      onBlur={[Function]}
      onChange={[Function]}
      onFocus={[Function]}
      onKeyDown={[Function]}
      size="m"
      value=""
    />
    <div
      className="c3 muya-range-input-node-wrapper"
      size="m"
    >
      to
    </div>
    <div
      className="c4 muya-range-input-node-wrapper"
      size="m"
    />
    <input
      autoFocus={false}
      className="c2"
      onBlur={[Function]}
      onChange={[Function]}
      onFocus={[Function]}
      onKeyDown={[Function]}
      size="m"
      value=""
    />
    <div
      className="c3 muya-range-input-node-wrapper"
      size="m"
    >
      ss
    </div>
  </div>,
  .c0 {
  width: 240px;
  height: 32px;
  padding: 0 12px;
  display: -webkit-inline-box;
  display: -webkit-inline-flex;
  display: -ms-inline-flexbox;
  display: inline-flex;
  position: relative;
  box-sizing: border-box;
  -webkit-align-items: center;
  -webkit-box-align: center;
  -ms-flex-align: center;
  align-items: center;
  font-size: 12px;
  line-height: 16px;
  border-radius: 2px;
  border: 1px solid rgba(221,221,221,1);
  -webkit-transition: border 150ms cubic-bezier(0.4,0,0.2,1);
  transition: border 150ms cubic-bezier(0.4,0,0.2,1);
  vertical-align: middle;
  background-color: rgba(255,255,255,1);
  width: 320px;
}

.c0:hover {
  border-color: rgba(209,209,209,1);
}

.c4 {
  display: inline-block;
  outline: none;
  border: 0;
  padding: 0;
  margin: 0;
  -webkit-flex: 1;
  -ms-flex: 1;
  flex: 1;
  min-width: 0;
  background: none;
  font-size: 12px;
  line-height: 16px;
  caret-color: rgba(26,122,248,1);
  color: rgba(51,51,51,1);
}

.c4::selection {
  background: rgba(26,122,248,0.16);
}

.c4::-webkit-input-placeholder {
  color: rgba(204,204,204,1);
}

.c4::-moz-placeholder {
  color: rgba(204,204,204,1);
}

.c4:-ms-input-placeholder {
  color: rgba(204,204,204,1);
}

.c4::placeholder {
  color: rgba(204,204,204,1);
}

.c3 {
  margin-right: 4px;
  line-height: 0;
  color: rgba(51,51,51,1);
  -webkit-flex-shrink: 0;
  -ms-flex-negative: 0;
  flex-shrink: 0;
  outline: none;
  cursor: default;
  -webkit-user-select: none;
  -moz-user-select: none;
  -ms-user-select: none;
  user-select: none;
  display: -webkit-box;
  display: -webkit-flex;
  display: -ms-flexbox;
  display: flex;
  height: 100%;
  -webkit-align-items: center;
  -webkit-box-align: center;
  -ms-flex-align: center;
  align-items: center;
}

.c5 {
  margin-left: 12px;
  line-height: 0;
  color: rgba(51,51,51,1);
  -webkit-flex-shrink: 0;
  -ms-flex-negative: 0;
  flex-shrink: 0;
  outline: none;
  cursor: default;
  -webkit-user-select: none;
  -moz-user-select: none;
  -ms-user-select: none;
  user-select: none;
  display: -webkit-box;
  display: -webkit-flex;
  display: -ms-flexbox;
  display: flex;
  height: 100%;
  -webkit-align-items: center;
  -webkit-box-align: center;
  -ms-flex-align: center;
  align-items: center;
}

.c7 {
  margin-left: 12px;
  line-height: 0;
  color: rgba(51,51,51,1);
  -webkit-flex-shrink: 0;
  -ms-flex-negative: 0;
  flex-shrink: 0;
  outline: none;
  cursor: default;
  -webkit-user-select: none;
  -moz-user-select: none;
  -ms-user-select: none;
  user-select: none;
  display: -webkit-box;
  display: -webkit-flex;
  display: -ms-flexbox;
  display: flex;
  height: 100%;
  -webkit-align-items: center;
  -webkit-box-align: center;
  -ms-flex-align: center;
  align-items: center;
  color: rgba(204,204,204,1);
  cursor: pointer;
}

.c7:hover {
  color: rgba(187,187,187,1);
}

.c7:active {
  color: rgba(153,153,153,1);
}

.c1 {
  margin-right: 12px;
  line-height: 0;
  color: rgba(51,51,51,1);
  -webkit-flex-shrink: 0;
  -ms-flex-negative: 0;
  flex-shrink: 0;
  outline: none;
  cursor: default;
  -webkit-user-select: none;
  -moz-user-select: none;
  -ms-user-select: none;
  user-select: none;
  display: -webkit-box;
  display: -webkit-flex;
  display: -ms-flexbox;
  display: flex;
  height: 100%;
  -webkit-align-items: center;
  -webkit-box-align: center;
  -ms-flex-align: center;
  align-items: center;
}

.c2 {
  margin-right: 12px;
  width: 1px;
  height: 12px;
  -webkit-flex-shrink: 0;
  -ms-flex-negative: 0;
  flex-shrink: 0;
  cursor: default;
  -webkit-user-select: none;
  -moz-user-select: none;
  -ms-user-select: none;
  user-select: none;
  background: rgba(238,238,238,1);
}

.c6 {
  margin-left: 12px;
  width: 1px;
  height: 12px;
  -webkit-flex-shrink: 0;
  -ms-flex-negative: 0;
  flex-shrink: 0;
  cursor: default;
  -webkit-user-select: none;
  -moz-user-select: none;
  -ms-user-select: none;
  user-select: none;
  background: rgba(238,238,238,1);
}

<div
    className="c0 muya-range-input-input-wrapper"
    onClick={[Function]}
    onMouseEnter={[Function]}
    onMouseLeave={[Function]}
    size="m"
  >
    <div
      className="c1 muya-range-input-node-wrapper"
      size="m"
    >
      ss
    </div>
    <div
      className="c2 muya-range-input-node-divider"
      size="m"
    />
    <div
      className="c3 muya-range-input-node-wrapper"
      size="m"
    >
      ss
    </div>
    <input
      autoFocus={false}
      className="c4"
      onBlur={[Function]}
      onChange={[Function]}
      onFocus={[Function]}
      onKeyDown={[Function]}
      size="m"
      value=""
    />
    <div
      className="c5 muya-range-input-node-wrapper"
      size="m"
    >
      ss
    </div>
    <div
      className="c6 muya-range-input-node-divider"
      size="m"
    />
    <div
      className="c5 muya-range-input-node-wrapper"
      size="m"
    >
      ss
    </div>
    <div
      className="c7 muya-range-input-node-wrapper"
      size="m"
    />
    <input
      autoFocus={false}
      className="c4"
      onBlur={[Function]}
      onChange={[Function]}
      onFocus={[Function]}
      onKeyDown={[Function]}
      size="m"
      value=""
    />
    <div
      className="c5 muya-range-input-node-wrapper"
      size="m"
    >
      ss
    </div>
    <div
      className="c6 muya-range-input-node-divider"
      size="m"
    />
    <div
      className="c5 muya-range-input-node-wrapper"
      size="m"
    >
      ss
    </div>
  </div>,
]
`;
