// Jest Snapshot v1, https://goo.gl/fbAQLP

exports[`测试 Carousel 1`] = `
Array [
  .c6 {
  display: inline-block;
  -webkit-flex-shrink: 0;
  -ms-flex-negative: 0;
  flex-shrink: 0;
  font-style: normal;
  line-height: 0;
  text-align: center;
  text-transform: none;
  vertical-align: -0.125em;
  text-rendering: optimizeLegibility;
  -webkit-font-smoothing: antialiased;
  -moz-osx-font-smoothing: grayscale;
  width: 1em;
  height: 1em;
  overflow: hidden;
  fill: currentColor;
}

.c1 {
  background-repeat: no-repeat;
  background-size: cover;
  background-position: center;
  -webkit-transition: background-image 300ms cubic-bezier(0.0,0,0.2,1);
  transition: background-image 300ms cubic-bezier(0.0,0,0.2,1);
}

.c5 {
  position: relative;
  display: -webkit-inline-box;
  display: -webkit-inline-flex;
  display: -ms-inline-flexbox;
  display: inline-flex;
  -webkit-align-items: center;
  -webkit-box-align: center;
  -ms-flex-align: center;
  align-items: center;
  -webkit-box-pack: center;
  -webkit-justify-content: center;
  -ms-flex-pack: center;
  justify-content: center;
  cursor: pointer;
  -webkit-user-select: none;
  -moz-user-select: none;
  -ms-user-select: none;
  user-select: none;
  outline: 0;
  margin: 0;
  border: none;
  font-family: inherit;
  text-transform: none;
  overflow: visible;
  box-sizing: border-box;
  -webkit-appearance: button;
  -moz-appearance: button;
  appearance: button;
  font-size: 14px;
  width: 20px;
  height: 32px;
  border-radius: 2px;
  border-top-left-radius: 0;
  border-bottom-left-radius: 0;
  background-color: rgba(0,0,0,0.5);
  color: rgba(255,255,255,1);
}

.c5:hover,
.c5:active {
  background-color: rgba(0,0,0,0.3);
}

.c8 {
  position: relative;
  display: -webkit-inline-box;
  display: -webkit-inline-flex;
  display: -ms-inline-flexbox;
  display: inline-flex;
  -webkit-align-items: center;
  -webkit-box-align: center;
  -ms-flex-align: center;
  align-items: center;
  -webkit-box-pack: center;
  -webkit-justify-content: center;
  -ms-flex-pack: center;
  justify-content: center;
  cursor: pointer;
  -webkit-user-select: none;
  -moz-user-select: none;
  -ms-user-select: none;
  user-select: none;
  outline: 0;
  margin: 0;
  border: none;
  font-family: inherit;
  text-transform: none;
  overflow: visible;
  box-sizing: border-box;
  -webkit-appearance: button;
  -moz-appearance: button;
  appearance: button;
  font-size: 14px;
  width: 20px;
  height: 32px;
  border-radius: 2px;
  border-top-right-radius: 0;
  border-bottom-right-radius: 0;
  background-color: rgba(0,0,0,0.5);
  color: rgba(255,255,255,1);
}

.c8:hover,
.c8:active {
  background-color: rgba(0,0,0,0.3);
}

.c11 {
  display: inline-block;
  cursor: pointer;
  padding: 4px 0;
  margin-right: 8px;
}

.c11::before {
  box-sizing: content-box;
  content: '';
  display: block;
  height: 4px;
  width: 60px;
  -webkit-transition: all 150ms cubic-bezier(0.4,0,0.2,1);
  transition: all 150ms cubic-bezier(0.4,0,0.2,1);
}

.c11::before {
  background-color: rgba(255,255,255,1);
}

.c12 {
  display: inline-block;
  cursor: pointer;
  padding: 4px 0;
}

.c12::before {
  box-sizing: content-box;
  content: '';
  display: block;
  height: 4px;
  width: 32px;
  -webkit-transition: all 150ms cubic-bezier(0.4,0,0.2,1);
  transition: all 150ms cubic-bezier(0.4,0,0.2,1);
}

.c12::before {
  background-color: rgba(255,255,255,0.3);
}

.c12:hover::before {
  background-color: rgba(255,255,255,0.5);
}

.c10 {
  white-space: nowrap;
  position: absolute;
  left: 0;
  width: 100%;
  display: -webkit-box;
  display: -webkit-flex;
  display: -ms-flexbox;
  display: flex;
  -webkit-align-items: center;
  -webkit-box-align: center;
  -ms-flex-align: center;
  align-items: center;
  box-sizing: border-box;
  bottom: 16px;
  padding: 0 20px;
}

.c3 {
  display: -webkit-box;
  display: -webkit-flex;
  display: -ms-flexbox;
  display: flex;
  -webkit-align-items: center;
  -webkit-box-align: center;
  -ms-flex-align: center;
  align-items: center;
  -webkit-box-pack: center;
  -webkit-justify-content: center;
  -ms-flex-pack: center;
  justify-content: center;
  position: absolute;
  top: 0;
  height: 100%;
  z-index: 2;
  left: 0;
}

.c7 {
  display: -webkit-box;
  display: -webkit-flex;
  display: -ms-flexbox;
  display: flex;
  -webkit-align-items: center;
  -webkit-box-align: center;
  -ms-flex-align: center;
  align-items: center;
  -webkit-box-pack: center;
  -webkit-justify-content: center;
  -ms-flex-pack: center;
  justify-content: center;
  position: absolute;
  top: 0;
  height: 100%;
  z-index: 2;
  right: 0;
}

.c2 {
  width: 100%;
  height: 100%;
  position: absolute;
  top: 0;
  left: 0;
}

.c0 {
  position: relative;
}

.c0 .c9 {
  -webkit-box-pack: center;
  -webkit-justify-content: center;
  -ms-flex-pack: center;
  justify-content: center;
}

.c13 .c4 {
  opacity: 0;
}

.c13:hover .c4 {
  opacity: 1;
}

.c13 .c9 {
  -webkit-box-pack: center;
  -webkit-justify-content: center;
  -ms-flex-pack: center;
  justify-content: center;
}

.c14 .c9 {
  -webkit-box-pack: start;
  -webkit-justify-content: flex-start;
  -ms-flex-pack: start;
  justify-content: flex-start;
}

.c15 .c9 {
  -webkit-box-pack: end;
  -webkit-justify-content: flex-end;
  -ms-flex-pack: end;
  justify-content: flex-end;
}

<div
    className="c0"
    onMouseEnter={[Function]}
    onMouseLeave={[Function]}
    onScroll={[Function]}
  >
    <div
      className="c1 c2 muya-carousel-img muya-img-loading"
      style={
        Object {
          "opacity": 1,
          "transitionDuration": "300ms",
          "transitionProperty": "opacity",
          "transitionTimingFunction": "cubic-bezier(0.0, 0, 0.2, 1)",
        }
      }
    />
    <div
      className="c1 c2 muya-carousel-img muya-img-loading"
      style={
        Object {
          "opacity": 0,
          "transitionDuration": "300ms",
          "transitionProperty": "opacity",
          "transitionTimingFunction": "cubic-bezier(0.4, 0, 0.2, 1)",
          "visibility": "hidden",
        }
      }
    />
    <div
      className="c3 muya-carousel-pager-prev"
    >
      <button
        className="c4 c5 muya-carousel-pager-prev-btn"
        onClick={[Function]}
      >
        <svg
          aria-hidden="false"
          className="c6"
          focusable="false"
          viewBox="0 0 1024 1024"
        >
          <path
            d="M501.725 499.81l260.036-381.385a21.67 21.67 0 00-5.742-30.121L626 3.575a21.67 21.67 0 00-29.796 5.851l-333.93 490.385a21.67 21.67 0 000 24.378l333.93 490.276a21.67 21.67 0 0029.796 5.96l129.476-84.512a21.67 21.67 0 006.284-30.013L501.725 524.514a21.67 21.67 0 010-24.703z"
          />
        </svg>
      </button>
    </div>
    <div
      className="c7 muya-carousel-pager-next"
    >
      <button
        className="c4 c8 muya-carousel-pager-next-btn"
        onClick={[Function]}
      >
        <svg
          aria-hidden="false"
          className="c6"
          focusable="false"
          viewBox="0 0 1024 1024"
        >
          <path
            d="M522.187 499.81L262.15 118.426a21.67 21.67 0 015.959-30.121L398.128 3.792a21.67 21.67 0 0129.796 5.851l333.82 490.168a21.67 21.67 0 010 24.378l-333.929 490.276a21.67 21.67 0 01-29.795 5.96l-129.477-84.512a21.67 21.67 0 01-6.284-30.013l260.036-381.386a21.67 21.67 0 00-.108-24.703z"
          />
        </svg>
      </button>
    </div>
    <div
      className="c9 c10 muya-carousel-indicator"
    >
      <div
        className="c11 muya-carousel-indicator-active muya-carousel-indicator-index"
        onClick={[Function]}
      />
      <div
        className="c12 muya-carousel-indicator-index"
        onClick={[Function]}
      />
    </div>
  </div>,
  .c1 {
  background-repeat: no-repeat;
  background-size: cover;
  background-position: center;
  -webkit-transition: background-image 300ms cubic-bezier(0.0,0,0.2,1);
  transition: background-image 300ms cubic-bezier(0.0,0,0.2,1);
}

.c5 {
  display: inline-block;
  cursor: pointer;
  padding: 4px 0;
  margin-right: 8px;
}

.c5::before {
  box-sizing: content-box;
  content: '';
  display: block;
  height: 4px;
  width: 60px;
  -webkit-transition: all 150ms cubic-bezier(0.4,0,0.2,1);
  transition: all 150ms cubic-bezier(0.4,0,0.2,1);
}

.c5::before {
  background-color: rgba(255,255,255,1);
}

.c6 {
  display: inline-block;
  cursor: pointer;
  padding: 4px 0;
}

.c6::before {
  box-sizing: content-box;
  content: '';
  display: block;
  height: 4px;
  width: 32px;
  -webkit-transition: all 150ms cubic-bezier(0.4,0,0.2,1);
  transition: all 150ms cubic-bezier(0.4,0,0.2,1);
}

.c6::before {
  background-color: rgba(255,255,255,0.3);
}

.c6:hover::before {
  background-color: rgba(255,255,255,0.5);
}

.c4 {
  white-space: nowrap;
  position: absolute;
  left: 0;
  width: 100%;
  display: -webkit-box;
  display: -webkit-flex;
  display: -ms-flexbox;
  display: flex;
  -webkit-align-items: center;
  -webkit-box-align: center;
  -ms-flex-align: center;
  align-items: center;
  box-sizing: border-box;
  bottom: 16px;
  padding: 0 20px;
}

.c2 {
  width: 100%;
  height: 100%;
  position: absolute;
  top: 0;
  left: 0;
}

.c0 {
  position: relative;
}

.c0 .c3 {
  -webkit-box-pack: center;
  -webkit-justify-content: center;
  -ms-flex-pack: center;
  justify-content: center;
}

.c7 .c3 {
  -webkit-box-pack: center;
  -webkit-justify-content: center;
  -ms-flex-pack: center;
  justify-content: center;
}

.c8 .c3 {
  -webkit-box-pack: start;
  -webkit-justify-content: flex-start;
  -ms-flex-pack: start;
  justify-content: flex-start;
}

.c9 .c3 {
  -webkit-box-pack: end;
  -webkit-justify-content: flex-end;
  -ms-flex-pack: end;
  justify-content: flex-end;
}

<div
    className="c0"
    onMouseEnter={[Function]}
    onMouseLeave={[Function]}
    onScroll={[Function]}
  >
    <div
      className="c1 c2 muya-carousel-img muya-img-loading"
      style={
        Object {
          "opacity": 1,
          "transitionDuration": "300ms",
          "transitionProperty": "opacity",
          "transitionTimingFunction": "cubic-bezier(0.0, 0, 0.2, 1)",
        }
      }
    />
    <div
      className="c1 c2 muya-carousel-img muya-img-loading"
      style={
        Object {
          "opacity": 0,
          "transitionDuration": "300ms",
          "transitionProperty": "opacity",
          "transitionTimingFunction": "cubic-bezier(0.4, 0, 0.2, 1)",
          "visibility": "hidden",
        }
      }
    />
    <div
      className="c3 c4 muya-carousel-indicator"
    >
      <div
        className="c5 muya-carousel-indicator-active muya-carousel-indicator-index"
        onClick={[Function]}
      />
      <div
        className="c6 muya-carousel-indicator-index"
        onClick={[Function]}
      />
    </div>
  </div>,
  .c6 {
  display: inline-block;
  -webkit-flex-shrink: 0;
  -ms-flex-negative: 0;
  flex-shrink: 0;
  font-style: normal;
  line-height: 0;
  text-align: center;
  text-transform: none;
  vertical-align: -0.125em;
  text-rendering: optimizeLegibility;
  -webkit-font-smoothing: antialiased;
  -moz-osx-font-smoothing: grayscale;
  width: 1em;
  height: 1em;
  overflow: hidden;
  fill: currentColor;
}

.c1 {
  background-repeat: no-repeat;
  background-size: cover;
  background-position: center;
  -webkit-transition: background-image 300ms cubic-bezier(0.0,0,0.2,1);
  transition: background-image 300ms cubic-bezier(0.0,0,0.2,1);
}

.c5 {
  position: relative;
  display: -webkit-inline-box;
  display: -webkit-inline-flex;
  display: -ms-inline-flexbox;
  display: inline-flex;
  -webkit-align-items: center;
  -webkit-box-align: center;
  -ms-flex-align: center;
  align-items: center;
  -webkit-box-pack: center;
  -webkit-justify-content: center;
  -ms-flex-pack: center;
  justify-content: center;
  cursor: pointer;
  -webkit-user-select: none;
  -moz-user-select: none;
  -ms-user-select: none;
  user-select: none;
  outline: 0;
  margin: 0;
  border: none;
  font-family: inherit;
  text-transform: none;
  overflow: visible;
  box-sizing: border-box;
  -webkit-appearance: button;
  -moz-appearance: button;
  appearance: button;
  font-size: 14px;
  width: 20px;
  height: 32px;
  border-radius: 2px;
  border-top-left-radius: 0;
  border-bottom-left-radius: 0;
  background-color: rgba(0,0,0,0.5);
  color: rgba(255,255,255,1);
}

.c5:hover,
.c5:active {
  background-color: rgba(0,0,0,0.3);
}

.c8 {
  position: relative;
  display: -webkit-inline-box;
  display: -webkit-inline-flex;
  display: -ms-inline-flexbox;
  display: inline-flex;
  -webkit-align-items: center;
  -webkit-box-align: center;
  -ms-flex-align: center;
  align-items: center;
  -webkit-box-pack: center;
  -webkit-justify-content: center;
  -ms-flex-pack: center;
  justify-content: center;
  cursor: pointer;
  -webkit-user-select: none;
  -moz-user-select: none;
  -ms-user-select: none;
  user-select: none;
  outline: 0;
  margin: 0;
  border: none;
  font-family: inherit;
  text-transform: none;
  overflow: visible;
  box-sizing: border-box;
  -webkit-appearance: button;
  -moz-appearance: button;
  appearance: button;
  font-size: 14px;
  width: 20px;
  height: 32px;
  border-radius: 2px;
  border-top-right-radius: 0;
  border-bottom-right-radius: 0;
  background-color: rgba(0,0,0,0.5);
  color: rgba(255,255,255,1);
}

.c8:hover,
.c8:active {
  background-color: rgba(0,0,0,0.3);
}

.c11 {
  display: inline-block;
  cursor: pointer;
  padding: 4px 0;
  margin-right: 8px;
}

.c11::before {
  box-sizing: content-box;
  content: '';
  display: block;
  height: 4px;
  width: 60px;
  -webkit-transition: all 150ms cubic-bezier(0.4,0,0.2,1);
  transition: all 150ms cubic-bezier(0.4,0,0.2,1);
}

.c11::before {
  background-color: rgba(255,255,255,1);
}

.c12 {
  display: inline-block;
  cursor: pointer;
  padding: 4px 0;
}

.c12::before {
  box-sizing: content-box;
  content: '';
  display: block;
  height: 4px;
  width: 32px;
  -webkit-transition: all 150ms cubic-bezier(0.4,0,0.2,1);
  transition: all 150ms cubic-bezier(0.4,0,0.2,1);
}

.c12::before {
  background-color: rgba(255,255,255,0.3);
}

.c12:hover::before {
  background-color: rgba(255,255,255,0.5);
}

.c10 {
  white-space: nowrap;
  position: absolute;
  left: 0;
  width: 100%;
  display: -webkit-box;
  display: -webkit-flex;
  display: -ms-flexbox;
  display: flex;
  -webkit-align-items: center;
  -webkit-box-align: center;
  -ms-flex-align: center;
  align-items: center;
  box-sizing: border-box;
  bottom: 16px;
  padding: 0 20px;
}

.c3 {
  display: -webkit-box;
  display: -webkit-flex;
  display: -ms-flexbox;
  display: flex;
  -webkit-align-items: center;
  -webkit-box-align: center;
  -ms-flex-align: center;
  align-items: center;
  -webkit-box-pack: center;
  -webkit-justify-content: center;
  -ms-flex-pack: center;
  justify-content: center;
  position: absolute;
  top: 0;
  height: 100%;
  z-index: 2;
  left: 0;
}

.c7 {
  display: -webkit-box;
  display: -webkit-flex;
  display: -ms-flexbox;
  display: flex;
  -webkit-align-items: center;
  -webkit-box-align: center;
  -ms-flex-align: center;
  align-items: center;
  -webkit-box-pack: center;
  -webkit-justify-content: center;
  -ms-flex-pack: center;
  justify-content: center;
  position: absolute;
  top: 0;
  height: 100%;
  z-index: 2;
  right: 0;
}

.c2 {
  width: 100%;
  height: 100%;
  position: absolute;
  top: 0;
  left: 0;
}

.c13 .c9 {
  -webkit-box-pack: center;
  -webkit-justify-content: center;
  -ms-flex-pack: center;
  justify-content: center;
}

.c0 {
  position: relative;
}

.c0 .c4 {
  opacity: 0;
}

.c0:hover .c4 {
  opacity: 1;
}

.c0 .c9 {
  -webkit-box-pack: center;
  -webkit-justify-content: center;
  -ms-flex-pack: center;
  justify-content: center;
}

.c14 .c9 {
  -webkit-box-pack: start;
  -webkit-justify-content: flex-start;
  -ms-flex-pack: start;
  justify-content: flex-start;
}

.c15 .c9 {
  -webkit-box-pack: end;
  -webkit-justify-content: flex-end;
  -ms-flex-pack: end;
  justify-content: flex-end;
}

<div
    className="c0"
    onMouseEnter={[Function]}
    onMouseLeave={[Function]}
    onScroll={[Function]}
  >
    <div
      className="c1 c2 muya-carousel-img muya-img-loading"
      style={
        Object {
          "opacity": 1,
          "transitionDuration": "300ms",
          "transitionProperty": "opacity",
          "transitionTimingFunction": "cubic-bezier(0.0, 0, 0.2, 1)",
        }
      }
    />
    <div
      className="c1 c2 muya-carousel-img muya-img-loading"
      style={
        Object {
          "opacity": 0,
          "transitionDuration": "300ms",
          "transitionProperty": "opacity",
          "transitionTimingFunction": "cubic-bezier(0.4, 0, 0.2, 1)",
          "visibility": "hidden",
        }
      }
    />
    <div
      className="c3 muya-carousel-pager-prev"
    >
      <button
        className="c4 c5 muya-carousel-pager-prev-btn"
        onClick={[Function]}
      >
        <svg
          aria-hidden="false"
          className="c6"
          focusable="false"
          viewBox="0 0 1024 1024"
        >
          <path
            d="M501.725 499.81l260.036-381.385a21.67 21.67 0 00-5.742-30.121L626 3.575a21.67 21.67 0 00-29.796 5.851l-333.93 490.385a21.67 21.67 0 000 24.378l333.93 490.276a21.67 21.67 0 0029.796 5.96l129.476-84.512a21.67 21.67 0 006.284-30.013L501.725 524.514a21.67 21.67 0 010-24.703z"
          />
        </svg>
      </button>
    </div>
    <div
      className="c7 muya-carousel-pager-next"
    >
      <button
        className="c4 c8 muya-carousel-pager-next-btn"
        onClick={[Function]}
      >
        <svg
          aria-hidden="false"
          className="c6"
          focusable="false"
          viewBox="0 0 1024 1024"
        >
          <path
            d="M522.187 499.81L262.15 118.426a21.67 21.67 0 015.959-30.121L398.128 3.792a21.67 21.67 0 0129.796 5.851l333.82 490.168a21.67 21.67 0 010 24.378l-333.929 490.276a21.67 21.67 0 01-29.795 5.96l-129.477-84.512a21.67 21.67 0 01-6.284-30.013l260.036-381.386a21.67 21.67 0 00-.108-24.703z"
          />
        </svg>
      </button>
    </div>
    <div
      className="c9 c10 muya-carousel-indicator"
    >
      <div
        className="c11 muya-carousel-indicator-active muya-carousel-indicator-index"
        onClick={[Function]}
      />
      <div
        className="c12 muya-carousel-indicator-index"
        onClick={[Function]}
      />
    </div>
  </div>,
  .c6 {
  display: inline-block;
  -webkit-flex-shrink: 0;
  -ms-flex-negative: 0;
  flex-shrink: 0;
  font-style: normal;
  line-height: 0;
  text-align: center;
  text-transform: none;
  vertical-align: -0.125em;
  text-rendering: optimizeLegibility;
  -webkit-font-smoothing: antialiased;
  -moz-osx-font-smoothing: grayscale;
  width: 1em;
  height: 1em;
  overflow: hidden;
  fill: currentColor;
}

.c1 {
  background-repeat: no-repeat;
  background-size: cover;
  background-position: center;
  -webkit-transition: background-image 300ms cubic-bezier(0.0,0,0.2,1);
  transition: background-image 300ms cubic-bezier(0.0,0,0.2,1);
}

.c5 {
  position: relative;
  display: -webkit-inline-box;
  display: -webkit-inline-flex;
  display: -ms-inline-flexbox;
  display: inline-flex;
  -webkit-align-items: center;
  -webkit-box-align: center;
  -ms-flex-align: center;
  align-items: center;
  -webkit-box-pack: center;
  -webkit-justify-content: center;
  -ms-flex-pack: center;
  justify-content: center;
  cursor: pointer;
  -webkit-user-select: none;
  -moz-user-select: none;
  -ms-user-select: none;
  user-select: none;
  outline: 0;
  margin: 0;
  border: none;
  font-family: inherit;
  text-transform: none;
  overflow: visible;
  box-sizing: border-box;
  -webkit-appearance: button;
  -moz-appearance: button;
  appearance: button;
  font-size: 14px;
  width: 20px;
  height: 32px;
  border-radius: 2px;
  border-top-left-radius: 0;
  border-bottom-left-radius: 0;
  background-color: rgba(0,0,0,0.5);
  color: rgba(255,255,255,1);
}

.c5:hover,
.c5:active {
  background-color: rgba(0,0,0,0.3);
}

.c8 {
  position: relative;
  display: -webkit-inline-box;
  display: -webkit-inline-flex;
  display: -ms-inline-flexbox;
  display: inline-flex;
  -webkit-align-items: center;
  -webkit-box-align: center;
  -ms-flex-align: center;
  align-items: center;
  -webkit-box-pack: center;
  -webkit-justify-content: center;
  -ms-flex-pack: center;
  justify-content: center;
  cursor: pointer;
  -webkit-user-select: none;
  -moz-user-select: none;
  -ms-user-select: none;
  user-select: none;
  outline: 0;
  margin: 0;
  border: none;
  font-family: inherit;
  text-transform: none;
  overflow: visible;
  box-sizing: border-box;
  -webkit-appearance: button;
  -moz-appearance: button;
  appearance: button;
  font-size: 14px;
  width: 20px;
  height: 32px;
  border-radius: 2px;
  border-top-right-radius: 0;
  border-bottom-right-radius: 0;
  background-color: rgba(0,0,0,0.5);
  color: rgba(255,255,255,1);
}

.c8:hover,
.c8:active {
  background-color: rgba(0,0,0,0.3);
}

.c3 {
  display: -webkit-box;
  display: -webkit-flex;
  display: -ms-flexbox;
  display: flex;
  -webkit-align-items: center;
  -webkit-box-align: center;
  -ms-flex-align: center;
  align-items: center;
  -webkit-box-pack: center;
  -webkit-justify-content: center;
  -ms-flex-pack: center;
  justify-content: center;
  position: absolute;
  top: 0;
  height: 100%;
  z-index: 2;
  left: 0;
}

.c7 {
  display: -webkit-box;
  display: -webkit-flex;
  display: -ms-flexbox;
  display: flex;
  -webkit-align-items: center;
  -webkit-box-align: center;
  -ms-flex-align: center;
  align-items: center;
  -webkit-box-pack: center;
  -webkit-justify-content: center;
  -ms-flex-pack: center;
  justify-content: center;
  position: absolute;
  top: 0;
  height: 100%;
  z-index: 2;
  right: 0;
}

.c2 {
  width: 100%;
  height: 100%;
  position: absolute;
  top: 0;
  left: 0;
}

.c0 {
  position: relative;
}

.c0 .c10 {
  -webkit-box-pack: center;
  -webkit-justify-content: center;
  -ms-flex-pack: center;
  justify-content: center;
}

.c9 .c4 {
  opacity: 0;
}

.c9:hover .c4 {
  opacity: 1;
}

<div
    className="c0"
    onMouseEnter={[Function]}
    onMouseLeave={[Function]}
    onScroll={[Function]}
  >
    <div
      className="c1 c2 muya-carousel-img muya-img-loading"
      style={
        Object {
          "opacity": 1,
          "transitionDuration": "300ms",
          "transitionProperty": "opacity",
          "transitionTimingFunction": "cubic-bezier(0.0, 0, 0.2, 1)",
        }
      }
    />
    <div
      className="c1 c2 muya-carousel-img muya-img-loading"
      style={
        Object {
          "opacity": 0,
          "transitionDuration": "300ms",
          "transitionProperty": "opacity",
          "transitionTimingFunction": "cubic-bezier(0.4, 0, 0.2, 1)",
          "visibility": "hidden",
        }
      }
    />
    <div
      className="c3 muya-carousel-pager-prev"
    >
      <button
        className="c4 c5 muya-carousel-pager-prev-btn"
        onClick={[Function]}
      >
        <svg
          aria-hidden="false"
          className="c6"
          focusable="false"
          viewBox="0 0 1024 1024"
        >
          <path
            d="M501.725 499.81l260.036-381.385a21.67 21.67 0 00-5.742-30.121L626 3.575a21.67 21.67 0 00-29.796 5.851l-333.93 490.385a21.67 21.67 0 000 24.378l333.93 490.276a21.67 21.67 0 0029.796 5.96l129.476-84.512a21.67 21.67 0 006.284-30.013L501.725 524.514a21.67 21.67 0 010-24.703z"
          />
        </svg>
      </button>
    </div>
    <div
      className="c7 muya-carousel-pager-next"
    >
      <button
        className="c4 c8 muya-carousel-pager-next-btn"
        onClick={[Function]}
      >
        <svg
          aria-hidden="false"
          className="c6"
          focusable="false"
          viewBox="0 0 1024 1024"
        >
          <path
            d="M522.187 499.81L262.15 118.426a21.67 21.67 0 015.959-30.121L398.128 3.792a21.67 21.67 0 0129.796 5.851l333.82 490.168a21.67 21.67 0 010 24.378l-333.929 490.276a21.67 21.67 0 01-29.795 5.96l-129.477-84.512a21.67 21.67 0 01-6.284-30.013l260.036-381.386a21.67 21.67 0 00-.108-24.703z"
          />
        </svg>
      </button>
    </div>
  </div>,
  .c6 {
  display: inline-block;
  -webkit-flex-shrink: 0;
  -ms-flex-negative: 0;
  flex-shrink: 0;
  font-style: normal;
  line-height: 0;
  text-align: center;
  text-transform: none;
  vertical-align: -0.125em;
  text-rendering: optimizeLegibility;
  -webkit-font-smoothing: antialiased;
  -moz-osx-font-smoothing: grayscale;
  width: 1em;
  height: 1em;
  overflow: hidden;
  fill: currentColor;
}

.c1 {
  background-repeat: no-repeat;
  background-size: cover;
  background-position: center;
  -webkit-transition: background-image 300ms cubic-bezier(0.0,0,0.2,1);
  transition: background-image 300ms cubic-bezier(0.0,0,0.2,1);
}

.c5 {
  position: relative;
  display: -webkit-inline-box;
  display: -webkit-inline-flex;
  display: -ms-inline-flexbox;
  display: inline-flex;
  -webkit-align-items: center;
  -webkit-box-align: center;
  -ms-flex-align: center;
  align-items: center;
  -webkit-box-pack: center;
  -webkit-justify-content: center;
  -ms-flex-pack: center;
  justify-content: center;
  cursor: pointer;
  -webkit-user-select: none;
  -moz-user-select: none;
  -ms-user-select: none;
  user-select: none;
  outline: 0;
  margin: 0;
  border: none;
  font-family: inherit;
  text-transform: none;
  overflow: visible;
  box-sizing: border-box;
  -webkit-appearance: button;
  -moz-appearance: button;
  appearance: button;
  font-size: 14px;
  width: 20px;
  height: 32px;
  border-radius: 2px;
  border-top-left-radius: 0;
  border-bottom-left-radius: 0;
  background-color: rgba(0,0,0,0.5);
  color: rgba(255,255,255,1);
}

.c5:hover,
.c5:active {
  background-color: rgba(0,0,0,0.3);
}

.c8 {
  position: relative;
  display: -webkit-inline-box;
  display: -webkit-inline-flex;
  display: -ms-inline-flexbox;
  display: inline-flex;
  -webkit-align-items: center;
  -webkit-box-align: center;
  -ms-flex-align: center;
  align-items: center;
  -webkit-box-pack: center;
  -webkit-justify-content: center;
  -ms-flex-pack: center;
  justify-content: center;
  cursor: pointer;
  -webkit-user-select: none;
  -moz-user-select: none;
  -ms-user-select: none;
  user-select: none;
  outline: 0;
  margin: 0;
  border: none;
  font-family: inherit;
  text-transform: none;
  overflow: visible;
  box-sizing: border-box;
  -webkit-appearance: button;
  -moz-appearance: button;
  appearance: button;
  font-size: 14px;
  width: 20px;
  height: 32px;
  border-radius: 2px;
  border-top-right-radius: 0;
  border-bottom-right-radius: 0;
  background-color: rgba(0,0,0,0.5);
  color: rgba(255,255,255,1);
}

.c8:hover,
.c8:active {
  background-color: rgba(0,0,0,0.3);
}

.c11 {
  display: inline-block;
  cursor: pointer;
  padding: 4px 0;
  margin-right: 8px;
}

.c11::before {
  box-sizing: content-box;
  content: '';
  display: block;
  height: 4px;
  width: 60px;
  -webkit-transition: all 150ms cubic-bezier(0.4,0,0.2,1);
  transition: all 150ms cubic-bezier(0.4,0,0.2,1);
}

.c11::before {
  background-color: rgba(255,255,255,1);
}

.c12 {
  display: inline-block;
  cursor: pointer;
  padding: 4px 0;
}

.c12::before {
  box-sizing: content-box;
  content: '';
  display: block;
  height: 4px;
  width: 32px;
  -webkit-transition: all 150ms cubic-bezier(0.4,0,0.2,1);
  transition: all 150ms cubic-bezier(0.4,0,0.2,1);
}

.c12::before {
  background-color: rgba(255,255,255,0.3);
}

.c12:hover::before {
  background-color: rgba(255,255,255,0.5);
}

.c10 {
  white-space: nowrap;
  position: absolute;
  left: 0;
  width: 100%;
  display: -webkit-box;
  display: -webkit-flex;
  display: -ms-flexbox;
  display: flex;
  -webkit-align-items: center;
  -webkit-box-align: center;
  -ms-flex-align: center;
  align-items: center;
  box-sizing: border-box;
  bottom: 16px;
  padding: 0 20px;
}

.c3 {
  display: -webkit-box;
  display: -webkit-flex;
  display: -ms-flexbox;
  display: flex;
  -webkit-align-items: center;
  -webkit-box-align: center;
  -ms-flex-align: center;
  align-items: center;
  -webkit-box-pack: center;
  -webkit-justify-content: center;
  -ms-flex-pack: center;
  justify-content: center;
  position: absolute;
  top: 0;
  height: 100%;
  z-index: 2;
  left: 0;
}

.c7 {
  display: -webkit-box;
  display: -webkit-flex;
  display: -ms-flexbox;
  display: flex;
  -webkit-align-items: center;
  -webkit-box-align: center;
  -ms-flex-align: center;
  align-items: center;
  -webkit-box-pack: center;
  -webkit-justify-content: center;
  -ms-flex-pack: center;
  justify-content: center;
  position: absolute;
  top: 0;
  height: 100%;
  z-index: 2;
  right: 0;
}

.c2 {
  width: 100%;
  height: 100%;
  position: absolute;
  top: 0;
  left: 0;
}

.c13 .c9 {
  -webkit-box-pack: center;
  -webkit-justify-content: center;
  -ms-flex-pack: center;
  justify-content: center;
}

.c14 .c4 {
  opacity: 0;
}

.c14:hover .c4 {
  opacity: 1;
}

.c14 .c9 {
  -webkit-box-pack: center;
  -webkit-justify-content: center;
  -ms-flex-pack: center;
  justify-content: center;
}

.c0 {
  position: relative;
}

.c0 .c9 {
  -webkit-box-pack: start;
  -webkit-justify-content: flex-start;
  -ms-flex-pack: start;
  justify-content: flex-start;
}

.c15 .c9 {
  -webkit-box-pack: end;
  -webkit-justify-content: flex-end;
  -ms-flex-pack: end;
  justify-content: flex-end;
}

<div
    className="c0"
    onMouseEnter={[Function]}
    onMouseLeave={[Function]}
    onScroll={[Function]}
  >
    <div
      className="c1 c2 muya-carousel-img muya-img-loading"
      style={
        Object {
          "opacity": 1,
          "transitionDuration": "300ms",
          "transitionProperty": "opacity",
          "transitionTimingFunction": "cubic-bezier(0.0, 0, 0.2, 1)",
        }
      }
    />
    <div
      className="c1 c2 muya-carousel-img muya-img-loading"
      style={
        Object {
          "opacity": 0,
          "transitionDuration": "300ms",
          "transitionProperty": "opacity",
          "transitionTimingFunction": "cubic-bezier(0.4, 0, 0.2, 1)",
          "visibility": "hidden",
        }
      }
    />
    <div
      className="c3 muya-carousel-pager-prev"
    >
      <button
        className="c4 c5 muya-carousel-pager-prev-btn"
        onClick={[Function]}
      >
        <svg
          aria-hidden="false"
          className="c6"
          focusable="false"
          viewBox="0 0 1024 1024"
        >
          <path
            d="M501.725 499.81l260.036-381.385a21.67 21.67 0 00-5.742-30.121L626 3.575a21.67 21.67 0 00-29.796 5.851l-333.93 490.385a21.67 21.67 0 000 24.378l333.93 490.276a21.67 21.67 0 0029.796 5.96l129.476-84.512a21.67 21.67 0 006.284-30.013L501.725 524.514a21.67 21.67 0 010-24.703z"
          />
        </svg>
      </button>
    </div>
    <div
      className="c7 muya-carousel-pager-next"
    >
      <button
        className="c4 c8 muya-carousel-pager-next-btn"
        onClick={[Function]}
      >
        <svg
          aria-hidden="false"
          className="c6"
          focusable="false"
          viewBox="0 0 1024 1024"
        >
          <path
            d="M522.187 499.81L262.15 118.426a21.67 21.67 0 015.959-30.121L398.128 3.792a21.67 21.67 0 0129.796 5.851l333.82 490.168a21.67 21.67 0 010 24.378l-333.929 490.276a21.67 21.67 0 01-29.795 5.96l-129.477-84.512a21.67 21.67 0 01-6.284-30.013l260.036-381.386a21.67 21.67 0 00-.108-24.703z"
          />
        </svg>
      </button>
    </div>
    <div
      className="c9 c10 muya-carousel-indicator"
    >
      <div
        className="c11 muya-carousel-indicator-active muya-carousel-indicator-index"
        onClick={[Function]}
      />
      <div
        className="c12 muya-carousel-indicator-index"
        onClick={[Function]}
      />
    </div>
  </div>,
  .c6 {
  display: inline-block;
  -webkit-flex-shrink: 0;
  -ms-flex-negative: 0;
  flex-shrink: 0;
  font-style: normal;
  line-height: 0;
  text-align: center;
  text-transform: none;
  vertical-align: -0.125em;
  text-rendering: optimizeLegibility;
  -webkit-font-smoothing: antialiased;
  -moz-osx-font-smoothing: grayscale;
  width: 1em;
  height: 1em;
  overflow: hidden;
  fill: currentColor;
}

.c1 {
  background-repeat: no-repeat;
  background-size: cover;
  background-position: center;
  -webkit-transition: background-image 300ms cubic-bezier(0.0,0,0.2,1);
  transition: background-image 300ms cubic-bezier(0.0,0,0.2,1);
}

.c5 {
  position: relative;
  display: -webkit-inline-box;
  display: -webkit-inline-flex;
  display: -ms-inline-flexbox;
  display: inline-flex;
  -webkit-align-items: center;
  -webkit-box-align: center;
  -ms-flex-align: center;
  align-items: center;
  -webkit-box-pack: center;
  -webkit-justify-content: center;
  -ms-flex-pack: center;
  justify-content: center;
  cursor: pointer;
  -webkit-user-select: none;
  -moz-user-select: none;
  -ms-user-select: none;
  user-select: none;
  outline: 0;
  margin: 0;
  border: none;
  font-family: inherit;
  text-transform: none;
  overflow: visible;
  box-sizing: border-box;
  -webkit-appearance: button;
  -moz-appearance: button;
  appearance: button;
  font-size: 14px;
  width: 20px;
  height: 32px;
  border-radius: 2px;
  border-top-left-radius: 0;
  border-bottom-left-radius: 0;
  background-color: rgba(0,0,0,0.5);
  color: rgba(255,255,255,1);
}

.c5:hover,
.c5:active {
  background-color: rgba(0,0,0,0.3);
}

.c8 {
  position: relative;
  display: -webkit-inline-box;
  display: -webkit-inline-flex;
  display: -ms-inline-flexbox;
  display: inline-flex;
  -webkit-align-items: center;
  -webkit-box-align: center;
  -ms-flex-align: center;
  align-items: center;
  -webkit-box-pack: center;
  -webkit-justify-content: center;
  -ms-flex-pack: center;
  justify-content: center;
  cursor: pointer;
  -webkit-user-select: none;
  -moz-user-select: none;
  -ms-user-select: none;
  user-select: none;
  outline: 0;
  margin: 0;
  border: none;
  font-family: inherit;
  text-transform: none;
  overflow: visible;
  box-sizing: border-box;
  -webkit-appearance: button;
  -moz-appearance: button;
  appearance: button;
  font-size: 14px;
  width: 20px;
  height: 32px;
  border-radius: 2px;
  border-top-right-radius: 0;
  border-bottom-right-radius: 0;
  background-color: rgba(0,0,0,0.5);
  color: rgba(255,255,255,1);
}

.c8:hover,
.c8:active {
  background-color: rgba(0,0,0,0.3);
}

.c11 {
  display: inline-block;
  cursor: pointer;
  padding: 4px 0;
  margin-right: 8px;
}

.c11::before {
  box-sizing: content-box;
  content: '';
  display: block;
  height: 4px;
  width: 60px;
  -webkit-transition: all 150ms cubic-bezier(0.4,0,0.2,1);
  transition: all 150ms cubic-bezier(0.4,0,0.2,1);
}

.c11::before {
  background-color: rgba(255,255,255,1);
}

.c12 {
  display: inline-block;
  cursor: pointer;
  padding: 4px 0;
}

.c12::before {
  box-sizing: content-box;
  content: '';
  display: block;
  height: 4px;
  width: 32px;
  -webkit-transition: all 150ms cubic-bezier(0.4,0,0.2,1);
  transition: all 150ms cubic-bezier(0.4,0,0.2,1);
}

.c12::before {
  background-color: rgba(255,255,255,0.3);
}

.c12:hover::before {
  background-color: rgba(255,255,255,0.5);
}

.c10 {
  white-space: nowrap;
  position: absolute;
  left: 0;
  width: 100%;
  display: -webkit-box;
  display: -webkit-flex;
  display: -ms-flexbox;
  display: flex;
  -webkit-align-items: center;
  -webkit-box-align: center;
  -ms-flex-align: center;
  align-items: center;
  box-sizing: border-box;
  bottom: 16px;
  padding: 0 20px;
}

.c3 {
  display: -webkit-box;
  display: -webkit-flex;
  display: -ms-flexbox;
  display: flex;
  -webkit-align-items: center;
  -webkit-box-align: center;
  -ms-flex-align: center;
  align-items: center;
  -webkit-box-pack: center;
  -webkit-justify-content: center;
  -ms-flex-pack: center;
  justify-content: center;
  position: absolute;
  top: 0;
  height: 100%;
  z-index: 2;
  left: 0;
}

.c7 {
  display: -webkit-box;
  display: -webkit-flex;
  display: -ms-flexbox;
  display: flex;
  -webkit-align-items: center;
  -webkit-box-align: center;
  -ms-flex-align: center;
  align-items: center;
  -webkit-box-pack: center;
  -webkit-justify-content: center;
  -ms-flex-pack: center;
  justify-content: center;
  position: absolute;
  top: 0;
  height: 100%;
  z-index: 2;
  right: 0;
}

.c2 {
  width: 100%;
  height: 100%;
  position: absolute;
  top: 0;
  left: 0;
}

.c13 .c9 {
  -webkit-box-pack: center;
  -webkit-justify-content: center;
  -ms-flex-pack: center;
  justify-content: center;
}

.c14 .c4 {
  opacity: 0;
}

.c14:hover .c4 {
  opacity: 1;
}

.c14 .c9 {
  -webkit-box-pack: center;
  -webkit-justify-content: center;
  -ms-flex-pack: center;
  justify-content: center;
}

.c15 .c9 {
  -webkit-box-pack: start;
  -webkit-justify-content: flex-start;
  -ms-flex-pack: start;
  justify-content: flex-start;
}

.c0 {
  position: relative;
}

.c0 .c9 {
  -webkit-box-pack: end;
  -webkit-justify-content: flex-end;
  -ms-flex-pack: end;
  justify-content: flex-end;
}

<div
    className="c0"
    onMouseEnter={[Function]}
    onMouseLeave={[Function]}
    onScroll={[Function]}
  >
    <div
      className="c1 c2 muya-carousel-img muya-img-loading"
      style={
        Object {
          "opacity": 1,
          "transitionDuration": "300ms",
          "transitionProperty": "opacity",
          "transitionTimingFunction": "cubic-bezier(0.0, 0, 0.2, 1)",
        }
      }
    />
    <div
      className="c1 c2 muya-carousel-img muya-img-loading"
      style={
        Object {
          "opacity": 0,
          "transitionDuration": "300ms",
          "transitionProperty": "opacity",
          "transitionTimingFunction": "cubic-bezier(0.4, 0, 0.2, 1)",
          "visibility": "hidden",
        }
      }
    />
    <div
      className="c3 muya-carousel-pager-prev"
    >
      <button
        className="c4 c5 muya-carousel-pager-prev-btn"
        onClick={[Function]}
      >
        <svg
          aria-hidden="false"
          className="c6"
          focusable="false"
          viewBox="0 0 1024 1024"
        >
          <path
            d="M501.725 499.81l260.036-381.385a21.67 21.67 0 00-5.742-30.121L626 3.575a21.67 21.67 0 00-29.796 5.851l-333.93 490.385a21.67 21.67 0 000 24.378l333.93 490.276a21.67 21.67 0 0029.796 5.96l129.476-84.512a21.67 21.67 0 006.284-30.013L501.725 524.514a21.67 21.67 0 010-24.703z"
          />
        </svg>
      </button>
    </div>
    <div
      className="c7 muya-carousel-pager-next"
    >
      <button
        className="c4 c8 muya-carousel-pager-next-btn"
        onClick={[Function]}
      >
        <svg
          aria-hidden="false"
          className="c6"
          focusable="false"
          viewBox="0 0 1024 1024"
        >
          <path
            d="M522.187 499.81L262.15 118.426a21.67 21.67 0 015.959-30.121L398.128 3.792a21.67 21.67 0 0129.796 5.851l333.82 490.168a21.67 21.67 0 010 24.378l-333.929 490.276a21.67 21.67 0 01-29.795 5.96l-129.477-84.512a21.67 21.67 0 01-6.284-30.013l260.036-381.386a21.67 21.67 0 00-.108-24.703z"
          />
        </svg>
      </button>
    </div>
    <div
      className="c9 c10 muya-carousel-indicator"
    >
      <div
        className="c11 muya-carousel-indicator-active muya-carousel-indicator-index"
        onClick={[Function]}
      />
      <div
        className="c12 muya-carousel-indicator-index"
        onClick={[Function]}
      />
    </div>
  </div>,
]
`;
