// Jest Snapshot v1, https://goo.gl/fbAQLP

exports[`测试普通渲染 1`] = `
Array [
  .c2 {
  display: block;
}

.c0 {
  position: relative;
  display: inline-block;
  box-sizing: border-box;
  height: 20px;
  line-height: 16px;
  min-width: 42px;
  background-color: rgba(26,122,248,1);
  border-radius: 999rem;
  vertical-align: middle;
  border: 2px solid transparent;
  opacity: 1;
  cursor: pointer;
  -webkit-user-select: none;
  -moz-user-select: none;
  -ms-user-select: none;
  user-select: none;
  -webkit-transition: all 150ms cubic-bezier(0.4,0,0.2,1);
  transition: all 150ms cubic-bezier(0.4,0,0.2,1);
  outline: none;
}

.c0:active {
  box-shadow: none;
}

.c0::after,
.c0 .c5 {
  position: absolute;
  top: 0;
  left: 0;
  width: 16px;
  height: 16px;
  background-color: rgba(255,255,255,1);
  border-radius: 50%;
  -webkit-transition: all 150ms cubic-bezier(0.4,0,0.2,1);
  transition: all 150ms cubic-bezier(0.4,0,0.2,1);
  content: ' ';
  cursor: pointer;
  left: 100%;
  -webkit-transform: translateX(-100%);
  -ms-transform: translateX(-100%);
  transform: translateX(-100%);
}

.c0 .c5 {
  text-align: center;
  font-size: 8px;
}

.c0 .c5 svg {
  vertical-align: unset;
}

.c0 .c1 {
  margin-left: 8px;
  margin-right: 24px;
  color: rgba(255,255,255,1);
  font-size: 12px;
}

.c3 .c1 {
  margin-left: 8px;
  margin-right: 24px;
  color: rgba(255,255,255,1);
  font-size: 12px;
}

.c4 .c1 {
  margin-left: 24px;
  margin-right: 8px;
  color: rgba(255,255,255,1);
  font-size: 12px;
}

<div
    checked={true}
    className="c0"
    disabled={false}
    onClick={[Function]}
    onKeyDown={[Function]}
    onMouseUp={[Function]}
    role="switch"
    size="m"
    tabIndex={0}
  >
    <div
      className="c1 c2 muya-switch-children-wrapper"
    />
  </div>,
  .c2 {
  display: block;
}

.c3 .c1 {
  margin-left: 8px;
  margin-right: 24px;
  color: rgba(255,255,255,1);
  font-size: 12px;
}

.c0 {
  position: relative;
  display: inline-block;
  box-sizing: border-box;
  height: 20px;
  line-height: 16px;
  min-width: 42px;
  background-color: rgba(26,122,248,1);
  border-radius: 999rem;
  vertical-align: middle;
  border: 2px solid transparent;
  opacity: 0.3;
  cursor: not-allowed;
  -webkit-user-select: none;
  -moz-user-select: none;
  -ms-user-select: none;
  user-select: none;
  -webkit-transition: all 150ms cubic-bezier(0.4,0,0.2,1);
  transition: all 150ms cubic-bezier(0.4,0,0.2,1);
  outline: none;
}

.c0:active {
  box-shadow: none;
}

.c0::after,
.c0 .c5 {
  position: absolute;
  top: 0;
  left: 0;
  width: 16px;
  height: 16px;
  background-color: rgba(255,255,255,1);
  border-radius: 50%;
  -webkit-transition: all 150ms cubic-bezier(0.4,0,0.2,1);
  transition: all 150ms cubic-bezier(0.4,0,0.2,1);
  content: ' ';
  cursor: not-allowed;
  left: 100%;
  -webkit-transform: translateX(-100%);
  -ms-transform: translateX(-100%);
  transform: translateX(-100%);
}

.c0 .c5 {
  text-align: center;
  font-size: 8px;
}

.c0 .c5 svg {
  vertical-align: unset;
}

.c0 .c1 {
  margin-left: 8px;
  margin-right: 24px;
  color: rgba(255,255,255,1);
  font-size: 12px;
}

.c4 .c1 {
  margin-left: 24px;
  margin-right: 8px;
  color: rgba(255,255,255,1);
  font-size: 12px;
}

<div
    checked={true}
    className="c0"
    disabled={true}
    onClick={[Function]}
    onKeyDown={[Function]}
    onMouseUp={[Function]}
    role="switch"
    size="m"
    tabIndex={0}
  >
    <div
      className="c1 c2 muya-switch-children-wrapper"
    />
  </div>,
  .c2 {
  display: block;
}

.c3 .c1 {
  margin-left: 8px;
  margin-right: 24px;
  color: rgba(255,255,255,1);
  font-size: 12px;
}

.c4 .c1 {
  margin-left: 8px;
  margin-right: 24px;
  color: rgba(255,255,255,1);
  font-size: 12px;
}

.c0 {
  position: relative;
  display: inline-block;
  box-sizing: border-box;
  height: 20px;
  line-height: 16px;
  min-width: 42px;
  background-color: rgba(204,204,204,1);
  border-radius: 999rem;
  vertical-align: middle;
  border: 2px solid transparent;
  opacity: 1;
  cursor: pointer;
  -webkit-user-select: none;
  -moz-user-select: none;
  -ms-user-select: none;
  user-select: none;
  -webkit-transition: all 150ms cubic-bezier(0.4,0,0.2,1);
  transition: all 150ms cubic-bezier(0.4,0,0.2,1);
  outline: none;
}

.c0:active {
  box-shadow: none;
}

.c0::after,
.c0 .c5 {
  position: absolute;
  top: 0;
  left: 0;
  width: 16px;
  height: 16px;
  background-color: rgba(255,255,255,1);
  border-radius: 50%;
  -webkit-transition: all 150ms cubic-bezier(0.4,0,0.2,1);
  transition: all 150ms cubic-bezier(0.4,0,0.2,1);
  content: ' ';
  cursor: pointer;
}

.c0 .c5 {
  text-align: center;
  font-size: 8px;
}

.c0 .c5 svg {
  vertical-align: unset;
}

.c0 .c1 {
  margin-left: 24px;
  margin-right: 8px;
  color: rgba(255,255,255,1);
  font-size: 12px;
}

<div
    checked={false}
    className="c0"
    disabled={false}
    onClick={[Function]}
    onKeyDown={[Function]}
    onMouseUp={[Function]}
    role="switch"
    size="m"
    tabIndex={0}
  >
    <div
      className="c1 c2 muya-switch-children-wrapper"
    >
      关
    </div>
  </div>,
  .c4 {
  display: inline-block;
  -webkit-flex-shrink: 0;
  -ms-flex-negative: 0;
  flex-shrink: 0;
  font-style: normal;
  line-height: 0;
  text-align: center;
  text-transform: none;
  vertical-align: -0.125em;
  text-rendering: optimizeLegibility;
  -webkit-font-smoothing: antialiased;
  -moz-osx-font-smoothing: grayscale;
  width: 1em;
  height: 1em;
  overflow: hidden;
  fill: currentColor;
}

.c5 {
  -webkit-animation: iECmZH 0.75s linear infinite,keNNsN 1.5s linear infinite;
  animation: iECmZH 0.75s linear infinite,keNNsN 1.5s linear infinite;
}

.c3 {
  display: -webkit-inline-box;
  display: -webkit-inline-flex;
  display: -ms-inline-flexbox;
  display: inline-flex;
  -webkit-flex-flow: column nowrap;
  -ms-flex-flow: column nowrap;
  flex-flow: column nowrap;
  -webkit-align-items: center;
  -webkit-box-align: center;
  -ms-flex-align: center;
  align-items: center;
}

.c7 {
  display: block;
}

.c2 {
  z-index: 1;
  font-size: 12px;
  background: transparent;
}

.c8::after,
.c8 .c1 {
  position: absolute;
  top: 0;
  left: 0;
  width: 16px;
  height: 16px;
  background-color: rgba(255,255,255,1);
  border-radius: 50%;
  -webkit-transition: all 150ms cubic-bezier(0.4,0,0.2,1);
  transition: all 150ms cubic-bezier(0.4,0,0.2,1);
  content: ' ';
  cursor: pointer;
  left: 100%;
  -webkit-transform: translateX(-100%);
  -ms-transform: translateX(-100%);
  transform: translateX(-100%);
}

.c8 .c1 {
  text-align: center;
  font-size: 8px;
}

.c8 .c1 svg {
  vertical-align: unset;
}

.c8 .c6 {
  margin-left: 8px;
  margin-right: 24px;
  color: rgba(255,255,255,1);
  font-size: 12px;
}

.c0 {
  position: relative;
  display: inline-block;
  box-sizing: border-box;
  height: 20px;
  line-height: 16px;
  min-width: 42px;
  background-color: rgba(26,122,248,1);
  border-radius: 999rem;
  vertical-align: middle;
  border: 2px solid transparent;
  opacity: 0.3;
  cursor: not-allowed;
  -webkit-user-select: none;
  -moz-user-select: none;
  -ms-user-select: none;
  user-select: none;
  -webkit-transition: all 150ms cubic-bezier(0.4,0,0.2,1);
  transition: all 150ms cubic-bezier(0.4,0,0.2,1);
  outline: none;
}

.c0:active {
  box-shadow: none;
}

.c0::after,
.c0 .c1 {
  position: absolute;
  top: 0;
  left: 0;
  width: 16px;
  height: 16px;
  background-color: rgba(255,255,255,1);
  border-radius: 50%;
  -webkit-transition: all 150ms cubic-bezier(0.4,0,0.2,1);
  transition: all 150ms cubic-bezier(0.4,0,0.2,1);
  content: ' ';
  cursor: not-allowed;
  left: 100%;
  -webkit-transform: translateX(-100%);
  -ms-transform: translateX(-100%);
  transform: translateX(-100%);
}

.c0 .c1 {
  text-align: center;
  font-size: 8px;
}

.c0 .c1 svg {
  vertical-align: unset;
}

.c0 .c6 {
  margin-left: 8px;
  margin-right: 24px;
  color: rgba(255,255,255,1);
  font-size: 12px;
}

.c9::after,
.c9 .c1 {
  position: absolute;
  top: 0;
  left: 0;
  width: 16px;
  height: 16px;
  background-color: rgba(255,255,255,1);
  border-radius: 50%;
  -webkit-transition: all 150ms cubic-bezier(0.4,0,0.2,1);
  transition: all 150ms cubic-bezier(0.4,0,0.2,1);
  content: ' ';
  cursor: pointer;
}

.c9 .c1 {
  text-align: center;
  font-size: 8px;
}

.c9 .c1 svg {
  vertical-align: unset;
}

.c9 .c6 {
  margin-left: 24px;
  margin-right: 8px;
  color: rgba(255,255,255,1);
  font-size: 12px;
}

<div
    checked={true}
    className="c0"
    disabled={true}
    onClick={[Function]}
    onKeyDown={[Function]}
    onMouseUp={[Function]}
    role="switch"
    size="m"
    tabIndex={0}
  >
    <span
      className="c1 c2 muya-switch-loading-wrapper"
    >
      <span
        className="c3"
        direction="column"
      >
        <span
          className=""
        >
          <svg
            aria-hidden="false"
            className="c4 c5"
            focusable="false"
            preserveAspectRatio="xMidYMid"
            viewBox="0 0 100 100"
          >
            <circle
              cx="50"
              cy="50"
              fill="none"
              r="45"
              stroke="rgba(26,122,248,1)"
              strokeLinecap="round"
              strokeWidth="10"
              transform="rotate(144 50 50)"
            />
          </svg>
        </span>
        <span />
      </span>
    </span>
    <div
      className="c6 c7 muya-switch-children-wrapper"
    />
  </div>,
]
`;
