// Jest Snapshot v1, https://goo.gl/fbAQLP

exports[`Guide should render success 1`] = `"<div class=\\"sc-dnqmqq cVioWK\\"><svg width=\\"0\\" height=\\"0\\" xmlns=\\"http://www.w3.org/2000/svg\\" class=\\"muya-guide-mask\\"><defs><mask id=\\"mask-main\\"><rect x=\\"0\\" y=\\"0\\" width=\\"0\\" height=\\"0\\" fill=\\"white\\"></rect><rect x=\\"0\\" y=\\"0\\" width=\\"0\\" height=\\"0\\" fill=\\"black\\"></rect><rect x=\\"-1\\" y=\\"-1\\" width=\\"0\\" height=\\"0\\" fill=\\"white\\"></rect><circle cx=\\"0\\" cy=\\"0\\" r=\\"0\\" fill=\\"black\\"></circle><rect x=\\"1\\" y=\\"-1\\" width=\\"0\\" height=\\"0\\" fill=\\"white\\"></rect><circle cx=\\"0\\" cy=\\"0\\" r=\\"0\\" fill=\\"black\\"></circle><rect x=\\"-1\\" y=\\"1\\" width=\\"0\\" height=\\"0\\" fill=\\"white\\"></rect><circle cx=\\"0\\" cy=\\"0\\" r=\\"0\\" fill=\\"black\\"></circle><rect x=\\"1\\" y=\\"1\\" width=\\"0\\" height=\\"0\\" fill=\\"white\\"></rect><circle cx=\\"0\\" cy=\\"0\\" r=\\"0\\" fill=\\"black \\"></circle></mask><clipPath id=\\"clip-path\\"><rect x=\\"0\\" y=\\"0\\" width=\\"0\\" height=\\"0\\"></rect><rect x=\\"0\\" y=\\"0\\" width=\\"0\\" height=\\"0\\"></rect><rect x=\\"0\\" y=\\"0\\" width=\\"0\\" height=\\"0\\"></rect><rect x=\\"0\\" y=\\"0\\" width=\\"0\\" height=\\"0\\"></rect></clipPath></defs><rect x=\\"0\\" y=\\"0\\" width=\\"0\\" height=\\"0\\" fill=\\"currentColor\\" mask=\\"url(#mask-main)\\"></rect><rect x=\\"0\\" y=\\"0\\" width=\\"0\\" height=\\"0\\" fill=\\"currentColor\\" clip-path=\\"url(#clip-path)\\" pointer-events=\\"auto\\"></rect><rect x=\\"0\\" y=\\"0\\" width=\\"0\\" height=\\"0\\" pointer-events=\\"auto\\" fill=\\"transparent\\" display=\\"block\\" class=\\"reactour__mask--disable-interaction undefined\\"></rect></svg></div><div data-focus-guard=\\"true\\" tabindex=\\"0\\" style=\\"width: 1px; height: 0px; padding: 0px; overflow: hidden; position: fixed; top: 1px; left: 1px;\\"></div><div data-focus-guard=\\"true\\" tabindex=\\"1\\" style=\\"width: 1px; height: 0px; padding: 0px; overflow: hidden; position: fixed; top: 1px; left: 1px;\\"></div><div data-focus-lock-disabled=\\"false\\"><div tabindex=\\"-1\\" class=\\"sc-ifAKCX dUjRvg reactour__helper TourWrapper-jIgpNd fKcYpK muya-guide-tooltips reactour__helper--is-open\\" role=\\"dialog\\"><div class=\\"ToolTipsContent-dnCJNT cKDyHA muya-guide-content\\"><div class=\\"TextWrapper-FmaIz eQrRnS muya-guide-text\\"><span class=\\"StyledIcon-kFlXVF WfonH muya-guide-inform\\"><svg focusable=\\"false\\" aria-hidden=\\"false\\" viewBox=\\"0 0 1024 1024\\" class=\\"StyledSvg-gOpsDq cgzRxQ\\"><path d=\\"M853.333 704h64a21.333 21.333 0 0121.334 21.333V832a21.333 21.333 0 01-21.334 21.333H106.667A21.333 21.333 0 0185.333 832V725.333A21.333 21.333 0 01106.667 704h64V341.333C170.667 152.821 323.488 0 512 0c188.512 0 341.333 152.821 341.333 341.333V704zm-468.81 213.333h254.944C633.6 977.131 578.773 1024 512 1024s-121.6-46.87-127.477-106.667z\\"></path></svg></span><div class=\\"TitleWrapper-cNIjFy illxcA\\"><h5 class=\\"StyledTitle-ewyitM fkuXKS muya-guide-title\\">这是第一个新功能</h5><span color=\\"assistant\\" class=\\"Text-bbIbrg eRxpWA muya-guide-sub-title\\">这是副标题</span></div></div><div class=\\"ButtonWrapper-iIRbUd htbuEB muya-guide-next\\"><button type=\\"button\\" class=\\"StyledButton-dSfbpv cagvoq Button-hYXUXp dlqAdK\\">完成</button></div><div class=\\"StyledArrow-dxEYPw hHMKzc\\"></div><button type=\\"button\\" class=\\"StyledButton-dSfbpv cagvoq InlineButtonWithoutTheme-hGlcsL CloseIconWrapper-kYqSEh ieXoCd muya-guide-close\\"><svg focusable=\\"false\\" aria-hidden=\\"false\\" viewBox=\\"0 0 1024 1024\\" class=\\"StyledSvg-gOpsDq dgxAAa\\" font-size=\\"10\\"><path d=\\"M512 421.653L871.04 62.592l90.517 90.507-359.04 359.04 358.87 358.901-90.507 90.517L512 602.667 154.507 960.16 64 869.643 421.493 512.16 63.84 154.507 154.357 64 512 421.653z\\"></path></svg></button><div class=\\"SkipWrapper-fOLqyA jzNYXq muya-guide-skip\\"><span color=\\"disabled\\" class=\\"Text-bbIbrg hEKcOP\\">跳过引导</span></div></div></div></div><div data-focus-guard=\\"true\\" tabindex=\\"0\\" style=\\"width: 1px; height: 0px; padding: 0px; overflow: hidden; position: fixed; top: 1px; left: 1px;\\"></div>"`;

exports[`Guide should render success 2`] = `"<div class=\\"sc-dnqmqq cVioWK\\"><svg width=\\"0\\" height=\\"0\\" xmlns=\\"http://www.w3.org/2000/svg\\" class=\\"muya-guide-mask\\"><defs><mask id=\\"mask-main\\"><rect x=\\"0\\" y=\\"0\\" width=\\"0\\" height=\\"0\\" fill=\\"white\\"></rect><rect x=\\"0\\" y=\\"0\\" width=\\"0\\" height=\\"0\\" fill=\\"black\\"></rect><rect x=\\"-1\\" y=\\"-1\\" width=\\"0\\" height=\\"0\\" fill=\\"white\\"></rect><circle cx=\\"0\\" cy=\\"0\\" r=\\"0\\" fill=\\"black\\"></circle><rect x=\\"1\\" y=\\"-1\\" width=\\"0\\" height=\\"0\\" fill=\\"white\\"></rect><circle cx=\\"0\\" cy=\\"0\\" r=\\"0\\" fill=\\"black\\"></circle><rect x=\\"-1\\" y=\\"1\\" width=\\"0\\" height=\\"0\\" fill=\\"white\\"></rect><circle cx=\\"0\\" cy=\\"0\\" r=\\"0\\" fill=\\"black\\"></circle><rect x=\\"1\\" y=\\"1\\" width=\\"0\\" height=\\"0\\" fill=\\"white\\"></rect><circle cx=\\"0\\" cy=\\"0\\" r=\\"0\\" fill=\\"black \\"></circle></mask><clipPath id=\\"clip-path\\"><rect x=\\"0\\" y=\\"0\\" width=\\"0\\" height=\\"0\\"></rect><rect x=\\"0\\" y=\\"0\\" width=\\"0\\" height=\\"0\\"></rect><rect x=\\"0\\" y=\\"0\\" width=\\"0\\" height=\\"0\\"></rect><rect x=\\"0\\" y=\\"0\\" width=\\"0\\" height=\\"0\\"></rect></clipPath></defs><rect x=\\"0\\" y=\\"0\\" width=\\"0\\" height=\\"0\\" fill=\\"currentColor\\" mask=\\"url(#mask-main)\\"></rect><rect x=\\"0\\" y=\\"0\\" width=\\"0\\" height=\\"0\\" fill=\\"currentColor\\" clip-path=\\"url(#clip-path)\\" pointer-events=\\"auto\\"></rect><rect x=\\"0\\" y=\\"0\\" width=\\"0\\" height=\\"0\\" pointer-events=\\"auto\\" fill=\\"transparent\\" display=\\"block\\" class=\\"reactour__mask--disable-interaction undefined\\"></rect></svg></div><div data-focus-guard=\\"true\\" tabindex=\\"0\\" style=\\"width: 1px; height: 0px; padding: 0px; overflow: hidden; position: fixed; top: 1px; left: 1px;\\"></div><div data-focus-guard=\\"true\\" tabindex=\\"1\\" style=\\"width: 1px; height: 0px; padding: 0px; overflow: hidden; position: fixed; top: 1px; left: 1px;\\"></div><div data-focus-lock-disabled=\\"false\\"><div tabindex=\\"-1\\" class=\\"sc-ifAKCX dUjRvg reactour__helper TourWrapper-jIgpNd fKcYpK muya-guide-tooltips reactour__helper--is-open\\" role=\\"dialog\\"><div class=\\"ToolTipsContent-dnCJNT cKDyHA muya-guide-content\\"><div class=\\"TextWrapper-FmaIz eQrRnS muya-guide-text\\"><span class=\\"StyledIcon-kFlXVF WfonH muya-guide-inform\\"><svg focusable=\\"false\\" aria-hidden=\\"false\\" viewBox=\\"0 0 1024 1024\\" class=\\"StyledSvg-gOpsDq cgzRxQ\\"><path d=\\"M853.333 704h64a21.333 21.333 0 0121.334 21.333V832a21.333 21.333 0 01-21.334 21.333H106.667A21.333 21.333 0 0185.333 832V725.333A21.333 21.333 0 01106.667 704h64V341.333C170.667 152.821 323.488 0 512 0c188.512 0 341.333 152.821 341.333 341.333V704zm-468.81 213.333h254.944C633.6 977.131 578.773 1024 512 1024s-121.6-46.87-127.477-106.667z\\"></path></svg></span><div class=\\"TitleWrapper-cNIjFy illxcA\\"><h5 class=\\"StyledTitle-ewyitM fkuXKS muya-guide-title\\">这是第一个新功能</h5><span color=\\"assistant\\" class=\\"Text-bbIbrg eRxpWA muya-guide-sub-title\\">这是副标题</span></div></div><div class=\\"ButtonWrapper-iIRbUd htbuEB muya-guide-next\\"><button type=\\"button\\" class=\\"StyledButton-dSfbpv cagvoq Button-hYXUXp dlqAdK\\">确定啦</button></div><div class=\\"StyledArrow-dxEYPw hHMKzc\\"></div><button type=\\"button\\" class=\\"StyledButton-dSfbpv cagvoq InlineButtonWithoutTheme-hGlcsL CloseIconWrapper-kYqSEh ieXoCd muya-guide-close\\"><svg focusable=\\"false\\" aria-hidden=\\"false\\" viewBox=\\"0 0 1024 1024\\" class=\\"StyledSvg-gOpsDq dgxAAa\\" font-size=\\"10\\"><path d=\\"M512 421.653L871.04 62.592l90.517 90.507-359.04 359.04 358.87 358.901-90.507 90.517L512 602.667 154.507 960.16 64 869.643 421.493 512.16 63.84 154.507 154.357 64 512 421.653z\\"></path></svg></button><div class=\\"SkipWrapper-fOLqyA jzNYXq muya-guide-skip\\"><span color=\\"disabled\\" class=\\"Text-bbIbrg hEKcOP\\">跳过啦</span></div></div></div></div><div data-focus-guard=\\"true\\" tabindex=\\"0\\" style=\\"width: 1px; height: 0px; padding: 0px; overflow: hidden; position: fixed; top: 1px; left: 1px;\\"></div>"`;

exports[`Guide should render success 3`] = `"<div class=\\"sc-dnqmqq cVioWK\\"><svg width=\\"0\\" height=\\"0\\" xmlns=\\"http://www.w3.org/2000/svg\\" class=\\"muya-guide-mask\\"><defs><mask id=\\"mask-main\\"><rect x=\\"0\\" y=\\"0\\" width=\\"0\\" height=\\"0\\" fill=\\"white\\"></rect><rect x=\\"0\\" y=\\"0\\" width=\\"0\\" height=\\"0\\" fill=\\"black\\"></rect><rect x=\\"-1\\" y=\\"-1\\" width=\\"0\\" height=\\"0\\" fill=\\"white\\"></rect><circle cx=\\"0\\" cy=\\"0\\" r=\\"0\\" fill=\\"black\\"></circle><rect x=\\"1\\" y=\\"-1\\" width=\\"0\\" height=\\"0\\" fill=\\"white\\"></rect><circle cx=\\"0\\" cy=\\"0\\" r=\\"0\\" fill=\\"black\\"></circle><rect x=\\"-1\\" y=\\"1\\" width=\\"0\\" height=\\"0\\" fill=\\"white\\"></rect><circle cx=\\"0\\" cy=\\"0\\" r=\\"0\\" fill=\\"black\\"></circle><rect x=\\"1\\" y=\\"1\\" width=\\"0\\" height=\\"0\\" fill=\\"white\\"></rect><circle cx=\\"0\\" cy=\\"0\\" r=\\"0\\" fill=\\"black \\"></circle></mask><clipPath id=\\"clip-path\\"><rect x=\\"0\\" y=\\"0\\" width=\\"0\\" height=\\"0\\"></rect><rect x=\\"0\\" y=\\"0\\" width=\\"0\\" height=\\"0\\"></rect><rect x=\\"0\\" y=\\"0\\" width=\\"0\\" height=\\"0\\"></rect><rect x=\\"0\\" y=\\"0\\" width=\\"0\\" height=\\"0\\"></rect></clipPath></defs><rect x=\\"0\\" y=\\"0\\" width=\\"0\\" height=\\"0\\" fill=\\"currentColor\\" mask=\\"url(#mask-main)\\"></rect><rect x=\\"0\\" y=\\"0\\" width=\\"0\\" height=\\"0\\" fill=\\"currentColor\\" clip-path=\\"url(#clip-path)\\" pointer-events=\\"auto\\"></rect><rect x=\\"0\\" y=\\"0\\" width=\\"0\\" height=\\"0\\" pointer-events=\\"auto\\" fill=\\"transparent\\" display=\\"block\\" class=\\"reactour__mask--disable-interaction undefined\\"></rect></svg></div><div data-focus-guard=\\"true\\" tabindex=\\"0\\" style=\\"width: 1px; height: 0px; padding: 0px; overflow: hidden; position: fixed; top: 1px; left: 1px;\\"></div><div data-focus-guard=\\"true\\" tabindex=\\"1\\" style=\\"width: 1px; height: 0px; padding: 0px; overflow: hidden; position: fixed; top: 1px; left: 1px;\\"></div><div data-focus-lock-disabled=\\"false\\"><div tabindex=\\"-1\\" class=\\"sc-ifAKCX dUjRvg reactour__helper TourWrapper-jIgpNd fKcYpK muya-guide-tooltips reactour__helper--is-open\\" role=\\"dialog\\"><div class=\\"ToolTipsContent-dnCJNT cKDyHA muya-guide-content\\"><div class=\\"TextWrapper-FmaIz eQrRnS muya-guide-text\\"><span class=\\"StyledIcon-kFlXVF WfonH muya-guide-inform\\"><svg focusable=\\"false\\" aria-hidden=\\"false\\" viewBox=\\"0 0 1024 1024\\" class=\\"StyledSvg-gOpsDq cgzRxQ\\"><path d=\\"M853.333 704h64a21.333 21.333 0 0121.334 21.333V832a21.333 21.333 0 01-21.334 21.333H106.667A21.333 21.333 0 0185.333 832V725.333A21.333 21.333 0 01106.667 704h64V341.333C170.667 152.821 323.488 0 512 0c188.512 0 341.333 152.821 341.333 341.333V704zm-468.81 213.333h254.944C633.6 977.131 578.773 1024 512 1024s-121.6-46.87-127.477-106.667z\\"></path></svg></span><div class=\\"TitleWrapper-cNIjFy illxcA\\"><h5 class=\\"StyledTitle-ewyitM fkuXKS muya-guide-title\\">这是第一个新功能</h5><span color=\\"assistant\\" class=\\"Text-bbIbrg eRxpWA muya-guide-sub-title\\">这是副标题</span></div></div><div class=\\"ButtonWrapper-iIRbUd htbuEB muya-guide-next\\"><button type=\\"button\\" class=\\"StyledButton-dSfbpv cagvoq Button-hYXUXp dlqAdK\\">完成</button></div><div class=\\"StyledArrow-dxEYPw hHMKzc\\"></div></div></div></div><div data-focus-guard=\\"true\\" tabindex=\\"0\\" style=\\"width: 1px; height: 0px; padding: 0px; overflow: hidden; position: fixed; top: 1px; left: 1px;\\"></div>"`;
