// Jest Snapshot v1, https://goo.gl/fbAQLP

exports[`测试 FontPenrose 1`] = `null`;
