// Jest Snapshot v1, https://goo.gl/fbAQLP

exports[`测试 RangeSlider 1`] = `
Array [
  .c0 {
  position: relative;
  box-sizing: border-box;
  cursor: pointer;
  padding: 4px 0;
}

.c0:hover .c1 {
  background-color: rgba(242,242,242,1);
}

.c4 {
  position: absolute;
  cursor: pointer;
  border-radius: 999rem;
  background-color: rgba(26,122,248,1);
  z-index: 1;
  height: 100%;
}

.c3 {
  position: absolute;
  z-index: 3;
  box-sizing: content-box;
  cursor: pointer;
  background-color: rgba(255,255,255,1);
  width: 12px;
  height: 12px;
  border-radius: 50%;
  -webkit-transform: translate(-50%,-50%);
  -ms-transform: translate(-50%,-50%);
  transform: translate(-50%,-50%);
  top: 50%;
}

.c3::before {
  content: '';
  height: 100%;
  width: 100%;
  display: block;
  box-sizing: border-box;
  border-radius: 50%;
  background-color: rgba(255,255,255,1);
  border: 1px solid rgba(26,122,248,1);
}

.c3:hover {
  cursor: -webkit-grab;
  cursor: -moz-grab;
  cursor: grab;
  width: 16px;
  height: 16px;
  box-shadow: none;
}

.c3:hover::before {
  border-color: rgba(26,122,248,1);
}

.c2 {
  position: relative;
  box-sizing: border-box;
  -webkit-user-select: none;
  -moz-user-select: none;
  -ms-user-select: none;
  user-select: none;
  cursor: pointer;
  background-color: rgba(242,242,242,1);
  border-radius: 999rem;
  width: 100%;
  height: 6px;
}

<div
    className="c0"
  >
    <div
      className="c1 c2 muya-slider-track"
      onClick={[Function]}
    >
      <div
        className="c3 muya-slider-start-circle"
        onMouseDown={[Function]}
        onMouseEnter={[Function]}
        onMouseLeave={[Function]}
        style={
          Object {
            "left": "0%",
          }
        }
      />
      <div
        className="c3 muya-slider-end-circle"
        onMouseDown={[Function]}
        onMouseEnter={[Function]}
        onMouseLeave={[Function]}
        style={
          Object {
            "left": "0%",
          }
        }
      />
      <div
        className="c4 muya-slider-range"
        style={
          Object {
            "left": "0%",
          }
        }
      />
    </div>
  </div>,
  .c0 {
  position: relative;
  box-sizing: border-box;
  cursor: pointer;
  padding: 4px 0;
}

.c0:hover .c1 {
  background-color: rgba(242,242,242,1);
}

.c4 {
  position: absolute;
  cursor: pointer;
  border-radius: 999rem;
  background-color: rgba(26,122,248,1);
  z-index: 1;
  height: 100%;
}

.c3 {
  position: absolute;
  z-index: 3;
  box-sizing: content-box;
  cursor: pointer;
  background-color: rgba(255,255,255,1);
  width: 12px;
  height: 12px;
  border-radius: 50%;
  -webkit-transform: translate(-50%,-50%);
  -ms-transform: translate(-50%,-50%);
  transform: translate(-50%,-50%);
  top: 50%;
}

.c3::before {
  content: '';
  height: 100%;
  width: 100%;
  display: block;
  box-sizing: border-box;
  border-radius: 50%;
  background-color: rgba(255,255,255,1);
  border: 1px solid rgba(26,122,248,1);
}

.c3:hover {
  cursor: -webkit-grab;
  cursor: -moz-grab;
  cursor: grab;
  width: 16px;
  height: 16px;
  box-shadow: none;
}

.c3:hover::before {
  border-color: rgba(26,122,248,1);
}

.c2 {
  position: relative;
  box-sizing: border-box;
  -webkit-user-select: none;
  -moz-user-select: none;
  -ms-user-select: none;
  user-select: none;
  cursor: pointer;
  background-color: rgba(242,242,242,1);
  border-radius: 999rem;
  width: 100%;
  height: 6px;
}

<div
    className="c0"
  >
    <div
      className="c1 c2 muya-slider-track"
      onClick={[Function]}
    >
      <div
        className="c3 muya-slider-start-circle"
        onMouseDown={[Function]}
        onMouseEnter={[Function]}
        onMouseLeave={[Function]}
        style={
          Object {
            "left": "10%",
          }
        }
      />
      <div
        className="c3 muya-slider-end-circle"
        onMouseDown={[Function]}
        onMouseEnter={[Function]}
        onMouseLeave={[Function]}
        style={
          Object {
            "left": "12%",
          }
        }
      />
      <div
        className="c4 muya-slider-range"
        style={
          Object {
            "left": "10%",
            "width": "2%",
          }
        }
      />
    </div>
  </div>,
  .c0 {
  position: relative;
  box-sizing: border-box;
  cursor: pointer;
  padding: 4px 0;
}

.c0:hover .c1 {
  background-color: rgba(242,242,242,1);
}

.c4 {
  position: absolute;
  cursor: pointer;
  border-radius: 999rem;
  background-color: rgba(26,122,248,1);
  z-index: 1;
  height: 100%;
}

.c3 {
  position: absolute;
  z-index: 3;
  box-sizing: content-box;
  cursor: pointer;
  background-color: rgba(255,255,255,1);
  width: 12px;
  height: 12px;
  border-radius: 50%;
  -webkit-transform: translate(-50%,-50%);
  -ms-transform: translate(-50%,-50%);
  transform: translate(-50%,-50%);
  top: 50%;
}

.c3::before {
  content: '';
  height: 100%;
  width: 100%;
  display: block;
  box-sizing: border-box;
  border-radius: 50%;
  background-color: rgba(255,255,255,1);
  border: 1px solid rgba(26,122,248,1);
}

.c3:hover {
  cursor: -webkit-grab;
  cursor: -moz-grab;
  cursor: grab;
  width: 16px;
  height: 16px;
  box-shadow: none;
}

.c3:hover::before {
  border-color: rgba(26,122,248,1);
}

.c2 {
  position: relative;
  box-sizing: border-box;
  -webkit-user-select: none;
  -moz-user-select: none;
  -ms-user-select: none;
  user-select: none;
  cursor: pointer;
  background-color: rgba(242,242,242,1);
  border-radius: 999rem;
  width: 100%;
  height: 6px;
}

<div
    className="c0"
  >
    <div
      className="c1 c2 muya-slider-track"
      onClick={[Function]}
    >
      <div
        className="c3 muya-slider-start-circle"
        onMouseDown={[Function]}
        onMouseEnter={[Function]}
        onMouseLeave={[Function]}
        style={
          Object {
            "left": "12%",
          }
        }
      />
      <div
        className="c3 muya-slider-end-circle"
        onMouseDown={[Function]}
        onMouseEnter={[Function]}
        onMouseLeave={[Function]}
        style={
          Object {
            "left": "18%",
          }
        }
      />
      <div
        className="c4 muya-slider-range"
        style={
          Object {
            "left": "12%",
            "width": "6%",
          }
        }
      />
    </div>
  </div>,
  .c0 {
  position: relative;
  box-sizing: border-box;
  cursor: pointer;
  padding: 4px 0;
}

.c0:hover .c1 {
  background-color: rgba(242,242,242,1);
}

.c4 {
  position: absolute;
  cursor: pointer;
  border-radius: 999rem;
  background-color: rgba(26,122,248,1);
  z-index: 1;
  height: 100%;
}

.c3 {
  position: absolute;
  z-index: 3;
  box-sizing: content-box;
  cursor: pointer;
  background-color: rgba(255,255,255,1);
  width: 12px;
  height: 12px;
  border-radius: 50%;
  -webkit-transform: translate(-50%,-50%);
  -ms-transform: translate(-50%,-50%);
  transform: translate(-50%,-50%);
  top: 50%;
}

.c3::before {
  content: '';
  height: 100%;
  width: 100%;
  display: block;
  box-sizing: border-box;
  border-radius: 50%;
  background-color: rgba(255,255,255,1);
  border: 1px solid rgba(26,122,248,1);
}

.c3:hover {
  cursor: -webkit-grab;
  cursor: -moz-grab;
  cursor: grab;
  width: 16px;
  height: 16px;
  box-shadow: none;
}

.c3:hover::before {
  border-color: rgba(26,122,248,1);
}

.c2 {
  position: relative;
  box-sizing: border-box;
  -webkit-user-select: none;
  -moz-user-select: none;
  -ms-user-select: none;
  user-select: none;
  cursor: pointer;
  background-color: rgba(242,242,242,1);
  border-radius: 999rem;
  width: 100%;
  height: 6px;
}

<div
    className="c0"
  >
    <div
      className="c1 c2 muya-slider-track"
      onClick={[Function]}
    >
      <div
        className="c3 muya-slider-start-circle"
        onMouseDown={[Function]}
        onMouseEnter={[Function]}
        onMouseLeave={[Function]}
        style={
          Object {
            "left": "10%",
          }
        }
      />
      <div
        className="c3 muya-slider-end-circle"
        onMouseDown={[Function]}
        onMouseEnter={[Function]}
        onMouseLeave={[Function]}
        style={
          Object {
            "left": "20%",
          }
        }
      />
      <div
        className="c4 muya-slider-range"
        style={
          Object {
            "left": "10%",
            "width": "10%",
          }
        }
      />
    </div>
  </div>,
  .c0 {
  position: relative;
  box-sizing: border-box;
  cursor: pointer;
  padding: 4px 0;
}

.c0:hover .c1 {
  background-color: rgba(242,242,242,1);
}

.c4 {
  position: absolute;
  cursor: pointer;
  border-radius: 999rem;
  background-color: rgba(26,122,248,1);
  z-index: 1;
  height: 100%;
}

.c3 {
  position: absolute;
  z-index: 3;
  box-sizing: content-box;
  cursor: pointer;
  background-color: rgba(255,255,255,1);
  width: 12px;
  height: 12px;
  border-radius: 50%;
  -webkit-transform: translate(-50%,-50%);
  -ms-transform: translate(-50%,-50%);
  transform: translate(-50%,-50%);
  top: 50%;
}

.c3::before {
  content: '';
  height: 100%;
  width: 100%;
  display: block;
  box-sizing: border-box;
  border-radius: 50%;
  background-color: rgba(255,255,255,1);
  border: 1px solid rgba(26,122,248,1);
}

.c3:hover {
  cursor: -webkit-grab;
  cursor: -moz-grab;
  cursor: grab;
  width: 16px;
  height: 16px;
  box-shadow: none;
}

.c3:hover::before {
  border-color: rgba(26,122,248,1);
}

.c2 {
  position: relative;
  box-sizing: border-box;
  -webkit-user-select: none;
  -moz-user-select: none;
  -ms-user-select: none;
  user-select: none;
  cursor: pointer;
  background-color: rgba(242,242,242,1);
  border-radius: 999rem;
  width: 100%;
  height: 6px;
}

<div
    className="c0"
  >
    <div
      className="c1 c2 muya-slider-track"
      onClick={[Function]}
    >
      <div
        className="c3 muya-slider-start-circle"
        onMouseDown={[Function]}
        onMouseEnter={[Function]}
        onMouseLeave={[Function]}
        style={
          Object {
            "left": "0%",
          }
        }
      />
      <div
        className="c3 muya-slider-end-circle"
        onMouseDown={[Function]}
        onMouseEnter={[Function]}
        onMouseLeave={[Function]}
        style={
          Object {
            "left": "0%",
          }
        }
      />
      <div
        className="c4 muya-slider-range"
        style={
          Object {
            "left": "0%",
          }
        }
      />
    </div>
  </div>,
  .c0 {
  position: relative;
  box-sizing: border-box;
  cursor: pointer;
  padding: 4px 0;
}

.c0:hover .c1 {
  background-color: rgba(242,242,242,1);
}

.c4 {
  position: absolute;
  cursor: pointer;
  border-radius: 999rem;
  background-color: rgba(26,122,248,1);
  z-index: 1;
  height: 100%;
}

.c3 {
  position: absolute;
  z-index: 3;
  box-sizing: content-box;
  cursor: pointer;
  background-color: rgba(255,255,255,1);
  width: 12px;
  height: 12px;
  border-radius: 50%;
  -webkit-transform: translate(-50%,-50%);
  -ms-transform: translate(-50%,-50%);
  transform: translate(-50%,-50%);
  top: 50%;
}

.c3::before {
  content: '';
  height: 100%;
  width: 100%;
  display: block;
  box-sizing: border-box;
  border-radius: 50%;
  background-color: rgba(255,255,255,1);
  border: 1px solid rgba(26,122,248,1);
}

.c3:hover {
  cursor: -webkit-grab;
  cursor: -moz-grab;
  cursor: grab;
  width: 16px;
  height: 16px;
  box-shadow: none;
}

.c3:hover::before {
  border-color: rgba(26,122,248,1);
}

.c2 {
  position: relative;
  box-sizing: border-box;
  -webkit-user-select: none;
  -moz-user-select: none;
  -ms-user-select: none;
  user-select: none;
  cursor: pointer;
  background-color: rgba(242,242,242,1);
  border-radius: 999rem;
  width: 100%;
  height: 6px;
}

<div
    className="c0"
  >
    <div
      className="c1 c2 muya-slider-track"
      onClick={[Function]}
    >
      <div
        className="c3 muya-slider-start-circle"
        onMouseDown={[Function]}
        onMouseEnter={[Function]}
        onMouseLeave={[Function]}
        style={
          Object {
            "left": "0%",
          }
        }
      />
      <div
        className="c3 muya-slider-end-circle"
        onMouseDown={[Function]}
        onMouseEnter={[Function]}
        onMouseLeave={[Function]}
        style={
          Object {
            "left": "0%",
          }
        }
      />
      <div
        className="c4 muya-slider-range"
        style={
          Object {
            "left": "0%",
          }
        }
      />
    </div>
  </div>,
]
`;

exports[`测试 Slider 1`] = `
Array [
  .c0 {
  position: relative;
  box-sizing: border-box;
  cursor: pointer;
  padding: 4px 0;
}

.c0:hover .c1 {
  background-color: rgba(242,242,242,1);
}

.c4 {
  position: absolute;
  cursor: pointer;
  border-radius: 999rem;
  background-color: rgba(26,122,248,1);
  z-index: 1;
  height: 100%;
}

.c3 {
  position: absolute;
  z-index: 3;
  box-sizing: content-box;
  cursor: pointer;
  background-color: rgba(255,255,255,1);
  width: 12px;
  height: 12px;
  border-radius: 50%;
  -webkit-transform: translate(-50%,-50%);
  -ms-transform: translate(-50%,-50%);
  transform: translate(-50%,-50%);
  top: 50%;
}

.c3::before {
  content: '';
  height: 100%;
  width: 100%;
  display: block;
  box-sizing: border-box;
  border-radius: 50%;
  background-color: rgba(255,255,255,1);
  border: 1px solid rgba(26,122,248,1);
}

.c3:hover {
  cursor: -webkit-grab;
  cursor: -moz-grab;
  cursor: grab;
  width: 16px;
  height: 16px;
  box-shadow: none;
}

.c3:hover::before {
  border-color: rgba(26,122,248,1);
}

.c2 {
  position: relative;
  box-sizing: border-box;
  -webkit-user-select: none;
  -moz-user-select: none;
  -ms-user-select: none;
  user-select: none;
  cursor: pointer;
  background-color: rgba(242,242,242,1);
  border-radius: 999rem;
  width: 100%;
  height: 6px;
}

<div
    className="c0"
  >
    <div
      className="c1 c2 muya-slider-track"
      onClick={[Function]}
    >
      <div
        className="c3 muya-slider-end-circle"
        onMouseDown={[Function]}
        onMouseEnter={[Function]}
        onMouseLeave={[Function]}
        style={
          Object {
            "left": "0%",
          }
        }
      />
      <div
        className="c4 muya-slider-range"
        style={
          Object {
            "left": "0%",
          }
        }
      />
    </div>
  </div>,
  .c0 {
  position: relative;
  box-sizing: border-box;
  cursor: pointer;
  padding: 4px 0;
}

.c0:hover .c1 {
  background-color: rgba(242,242,242,1);
}

.c4 {
  position: absolute;
  cursor: pointer;
  border-radius: 999rem;
  background-color: rgba(26,122,248,1);
  z-index: 1;
  height: 100%;
}

.c3 {
  position: absolute;
  z-index: 3;
  box-sizing: content-box;
  cursor: pointer;
  background-color: rgba(255,255,255,1);
  width: 12px;
  height: 12px;
  border-radius: 50%;
  -webkit-transform: translate(-50%,-50%);
  -ms-transform: translate(-50%,-50%);
  transform: translate(-50%,-50%);
  top: 50%;
}

.c3::before {
  content: '';
  height: 100%;
  width: 100%;
  display: block;
  box-sizing: border-box;
  border-radius: 50%;
  background-color: rgba(255,255,255,1);
  border: 1px solid rgba(26,122,248,1);
}

.c3:hover {
  cursor: -webkit-grab;
  cursor: -moz-grab;
  cursor: grab;
  width: 16px;
  height: 16px;
  box-shadow: none;
}

.c3:hover::before {
  border-color: rgba(26,122,248,1);
}

.c2 {
  position: relative;
  box-sizing: border-box;
  -webkit-user-select: none;
  -moz-user-select: none;
  -ms-user-select: none;
  user-select: none;
  cursor: pointer;
  background-color: rgba(242,242,242,1);
  border-radius: 999rem;
  width: 100%;
  height: 6px;
}

<div
    className="c0"
  >
    <div
      className="c1 c2 muya-slider-track"
      onClick={[Function]}
    >
      <div
        className="c3 muya-slider-end-circle"
        onMouseDown={[Function]}
        onMouseEnter={[Function]}
        onMouseLeave={[Function]}
        style={
          Object {
            "left": "10%",
          }
        }
      />
      <div
        className="c4 muya-slider-range"
        style={
          Object {
            "left": "0%",
            "width": "10%",
          }
        }
      />
    </div>
  </div>,
  .c0 {
  position: relative;
  box-sizing: border-box;
  cursor: pointer;
  padding: 4px 0;
}

.c0:hover .c1 {
  background-color: rgba(242,242,242,1);
}

.c4 {
  position: absolute;
  cursor: pointer;
  border-radius: 999rem;
  background-color: rgba(26,122,248,1);
  z-index: 1;
  height: 100%;
}

.c3 {
  position: absolute;
  z-index: 3;
  box-sizing: content-box;
  cursor: pointer;
  background-color: rgba(255,255,255,1);
  width: 12px;
  height: 12px;
  border-radius: 50%;
  -webkit-transform: translate(-50%,-50%);
  -ms-transform: translate(-50%,-50%);
  transform: translate(-50%,-50%);
  top: 50%;
}

.c3::before {
  content: '';
  height: 100%;
  width: 100%;
  display: block;
  box-sizing: border-box;
  border-radius: 50%;
  background-color: rgba(255,255,255,1);
  border: 1px solid rgba(26,122,248,1);
}

.c3:hover {
  cursor: -webkit-grab;
  cursor: -moz-grab;
  cursor: grab;
  width: 16px;
  height: 16px;
  box-shadow: none;
}

.c3:hover::before {
  border-color: rgba(26,122,248,1);
}

.c2 {
  position: relative;
  box-sizing: border-box;
  -webkit-user-select: none;
  -moz-user-select: none;
  -ms-user-select: none;
  user-select: none;
  cursor: pointer;
  background-color: rgba(242,242,242,1);
  border-radius: 999rem;
  width: 100%;
  height: 6px;
}

<div
    className="c0"
  >
    <div
      className="c1 c2 muya-slider-track"
      onClick={[Function]}
    >
      <div
        className="c3 muya-slider-end-circle"
        onMouseDown={[Function]}
        onMouseEnter={[Function]}
        onMouseLeave={[Function]}
        style={
          Object {
            "left": "10%",
          }
        }
      />
      <div
        className="c4 muya-slider-range"
        style={
          Object {
            "left": "0%",
            "width": "10%",
          }
        }
      />
    </div>
  </div>,
  .c0 {
  position: relative;
  box-sizing: border-box;
  cursor: pointer;
  padding: 4px 0;
}

.c0:hover .c1 {
  background-color: rgba(242,242,242,1);
}

.c4 {
  position: absolute;
  cursor: pointer;
  border-radius: 999rem;
  background-color: rgba(26,122,248,1);
  z-index: 1;
  height: 100%;
}

.c3 {
  position: absolute;
  z-index: 3;
  box-sizing: content-box;
  cursor: pointer;
  background-color: rgba(255,255,255,1);
  width: 12px;
  height: 12px;
  border-radius: 50%;
  -webkit-transform: translate(-50%,-50%);
  -ms-transform: translate(-50%,-50%);
  transform: translate(-50%,-50%);
  top: 50%;
}

.c3::before {
  content: '';
  height: 100%;
  width: 100%;
  display: block;
  box-sizing: border-box;
  border-radius: 50%;
  background-color: rgba(255,255,255,1);
  border: 1px solid rgba(26,122,248,1);
}

.c3:hover {
  cursor: -webkit-grab;
  cursor: -moz-grab;
  cursor: grab;
  width: 16px;
  height: 16px;
  box-shadow: none;
}

.c3:hover::before {
  border-color: rgba(26,122,248,1);
}

.c2 {
  position: relative;
  box-sizing: border-box;
  -webkit-user-select: none;
  -moz-user-select: none;
  -ms-user-select: none;
  user-select: none;
  cursor: pointer;
  background-color: rgba(242,242,242,1);
  border-radius: 999rem;
  width: 100%;
  height: 6px;
}

<div
    className="c0"
  >
    <div
      className="c1 c2 muya-slider-track"
      onClick={[Function]}
    >
      <div
        className="c3 muya-slider-end-circle"
        onMouseDown={[Function]}
        onMouseEnter={[Function]}
        onMouseLeave={[Function]}
        style={
          Object {
            "left": "0%",
          }
        }
      />
      <div
        className="c4 muya-slider-range"
        style={
          Object {
            "left": "0%",
          }
        }
      />
    </div>
  </div>,
  .c0 {
  position: relative;
  box-sizing: border-box;
  cursor: pointer;
  padding: 4px 0;
}

.c0:hover .c1 {
  background-color: rgba(242,242,242,1);
}

.c4 {
  position: absolute;
  cursor: pointer;
  border-radius: 999rem;
  background-color: rgba(26,122,248,1);
  z-index: 1;
  height: 100%;
}

.c3 {
  position: absolute;
  z-index: 3;
  box-sizing: content-box;
  cursor: pointer;
  background-color: rgba(255,255,255,1);
  width: 12px;
  height: 12px;
  border-radius: 50%;
  -webkit-transform: translate(-50%,-50%);
  -ms-transform: translate(-50%,-50%);
  transform: translate(-50%,-50%);
  top: 50%;
}

.c3::before {
  content: '';
  height: 100%;
  width: 100%;
  display: block;
  box-sizing: border-box;
  border-radius: 50%;
  background-color: rgba(255,255,255,1);
  border: 1px solid rgba(26,122,248,1);
}

.c3:hover {
  cursor: -webkit-grab;
  cursor: -moz-grab;
  cursor: grab;
  width: 16px;
  height: 16px;
  box-shadow: none;
}

.c3:hover::before {
  border-color: rgba(26,122,248,1);
}

.c2 {
  position: relative;
  box-sizing: border-box;
  -webkit-user-select: none;
  -moz-user-select: none;
  -ms-user-select: none;
  user-select: none;
  cursor: pointer;
  background-color: rgba(242,242,242,1);
  border-radius: 999rem;
  width: 100%;
  height: 6px;
}

<div
    className="c0"
  >
    <div
      className="c1 c2 muya-slider-track"
      onClick={[Function]}
    >
      <div
        className="c3 muya-slider-end-circle"
        onMouseDown={[Function]}
        onMouseEnter={[Function]}
        onMouseLeave={[Function]}
        style={
          Object {
            "left": "0%",
          }
        }
      />
      <div
        className="c4 muya-slider-range"
        style={
          Object {
            "left": "0%",
          }
        }
      />
    </div>
  </div>,
]
`;
